Component: ARM Compiler 5.05 update 1 (build 106) Tool: armlink [4d0efa]

==============================================================================

Section Cross References

    main.o(i.main) refers to misc.o(i.NVIC_SetVectorTable) for NVIC_SetVectorTable
    main.o(i.main) refers to sys.o(i.NVIC_Configuration) for NVIC_Configuration
    main.o(i.main) refers to data_map.o(i.data_map_init) for data_map_init
    main.o(i.main) refers to delay.o(i.delay_init) for delay_init
    main.o(i.main) refers to usart3.o(i.USART3_Init) for USART3_Init
    main.o(i.main) refers to myiic.o(i.IIC_Init) for IIC_Init
    main.o(i.main) refers to usart1.o(i.RF_Init) for RF_Init
    main.o(i.main) refers to interruptdef.o(i.time3_init) for time3_init
    main.o(i.main) refers to led.o(i.LED_Init) for LED_Init
    main.o(i.main) refers to collect.o(i.addressIdinit) for addressIdinit
    main.o(i.main) refers to light.o(i.Light_Init) for Light_Init
    main.o(i.main) refers to key.o(i.Key_Init) for Key_Init
    main.o(i.main) refers to sgp30.o(i.sgp_probe) for sgp_probe
    main.o(i.main) refers to wdg.o(i.IWDG_Init) for IWDG_Init
    main.o(i.main) refers to wdg.o(i.IWDG_Feed) for IWDG_Feed
    main.o(i.main) refers to collect.o(i.collectdeal) for collectdeal
    main.o(i.main) refers to delay.o(i.delay_ms) for delay_ms
    main.o(i.main) refers to deal.o(i.deal) for deal
    main.o(i.main) refers to kqm2801a.o(.data) for SGP_STATE
    system_stm32f10x.o(i.SetSysClock) refers to system_stm32f10x.o(i.SetSysClockTo72) for SetSysClockTo72
    system_stm32f10x.o(i.SystemCoreClockUpdate) refers to system_stm32f10x.o(.data) for SystemCoreClock
    system_stm32f10x.o(i.SystemInit) refers to system_stm32f10x.o(i.SetSysClock) for SetSysClock
    startup_stm32f10x_md.o(STACK) refers (Special) to heapauxi.o(.text) for __use_two_region_memory
    startup_stm32f10x_md.o(HEAP) refers (Special) to heapauxi.o(.text) for __use_two_region_memory
    startup_stm32f10x_md.o(RESET) refers (Special) to heapauxi.o(.text) for __use_two_region_memory
    startup_stm32f10x_md.o(RESET) refers to startup_stm32f10x_md.o(STACK) for __initial_sp
    startup_stm32f10x_md.o(RESET) refers to startup_stm32f10x_md.o(.text) for Reset_Handler
    startup_stm32f10x_md.o(RESET) refers to stm32f10x_it.o(i.NMI_Handler) for NMI_Handler
    startup_stm32f10x_md.o(RESET) refers to stm32f10x_it.o(i.HardFault_Handler) for HardFault_Handler
    startup_stm32f10x_md.o(RESET) refers to stm32f10x_it.o(i.MemManage_Handler) for MemManage_Handler
    startup_stm32f10x_md.o(RESET) refers to stm32f10x_it.o(i.BusFault_Handler) for BusFault_Handler
    startup_stm32f10x_md.o(RESET) refers to stm32f10x_it.o(i.UsageFault_Handler) for UsageFault_Handler
    startup_stm32f10x_md.o(RESET) refers to stm32f10x_it.o(i.SVC_Handler) for SVC_Handler
    startup_stm32f10x_md.o(RESET) refers to stm32f10x_it.o(i.DebugMon_Handler) for DebugMon_Handler
    startup_stm32f10x_md.o(RESET) refers to stm32f10x_it.o(i.PendSV_Handler) for PendSV_Handler
    startup_stm32f10x_md.o(RESET) refers to stm32f10x_it.o(i.SysTick_Handler) for SysTick_Handler
    startup_stm32f10x_md.o(RESET) refers to interruptdef.o(i.TIM3_IRQHandler) for TIM3_IRQHandler
    startup_stm32f10x_md.o(RESET) refers to usart1.o(i.USART1_IRQHandler) for USART1_IRQHandler
    startup_stm32f10x_md.o(RESET) refers to usart3.o(i.USART3_IRQHandler) for USART3_IRQHandler
    startup_stm32f10x_md.o(RESET) refers to key.o(i.EXTI15_10_IRQHandler) for EXTI15_10_IRQHandler
    startup_stm32f10x_md.o(.text) refers (Special) to heapauxi.o(.text) for __use_two_region_memory
    startup_stm32f10x_md.o(.text) refers to system_stm32f10x.o(i.SystemInit) for SystemInit
    startup_stm32f10x_md.o(.text) refers to __main.o(!!!main) for __main
    startup_stm32f10x_md.o(.text) refers to startup_stm32f10x_md.o(HEAP) for Heap_Mem
    startup_stm32f10x_md.o(.text) refers to startup_stm32f10x_md.o(STACK) for Stack_Mem
    stm32f10x_adc.o(i.ADC_DeInit) refers to stm32f10x_rcc.o(i.RCC_APB2PeriphResetCmd) for RCC_APB2PeriphResetCmd
    stm32f10x_bkp.o(i.BKP_DeInit) refers to stm32f10x_rcc.o(i.RCC_BackupResetCmd) for RCC_BackupResetCmd
    stm32f10x_can.o(i.CAN_DeInit) refers to stm32f10x_rcc.o(i.RCC_APB1PeriphResetCmd) for RCC_APB1PeriphResetCmd
    stm32f10x_can.o(i.CAN_GetITStatus) refers to stm32f10x_can.o(i.CheckITStatus) for CheckITStatus
    stm32f10x_cec.o(i.CEC_DeInit) refers to stm32f10x_rcc.o(i.RCC_APB1PeriphResetCmd) for RCC_APB1PeriphResetCmd
    stm32f10x_dac.o(i.DAC_DeInit) refers to stm32f10x_rcc.o(i.RCC_APB1PeriphResetCmd) for RCC_APB1PeriphResetCmd
    stm32f10x_flash.o(i.FLASH_EnableWriteProtection) refers to stm32f10x_flash.o(i.FLASH_WaitForLastOperation) for FLASH_WaitForLastOperation
    stm32f10x_flash.o(i.FLASH_EraseAllBank1Pages) refers to stm32f10x_flash.o(i.FLASH_WaitForLastBank1Operation) for FLASH_WaitForLastBank1Operation
[...]
    .text                                    0x08002ca4   Section        0  defsig_rtmem_outer.o(.text)
    .text                                    0x08002cb2   Section       74  sys_stackheap_outer.o(.text)
    .text                                    0x08002cfc   Section        0  exit.o(.text)
    .text                                    0x08002d08   Section        0  defsig_exit.o(.text)
    .text                                    0x08002d14   Section        0  defsig_rtmem_inner.o(.text)
    .text                                    0x08002d64   Section        0  defsig_general.o(.text)
    i.BusFault_Handler                       0x08002d96   Section        0  stm32f10x_it.o(i.BusFault_Handler)
    i.DebugMon_Handler                       0x08002d9a   Section        0  stm32f10x_it.o(i.DebugMon_Handler)
    i.EXTI15_10_IRQHandler                   0x08002d9c   Section        0  key.o(i.EXTI15_10_IRQHandler)
    i.EXTI_ClearFlag                         0x08002ddc   Section        0  stm32f10x_exti.o(i.EXTI_ClearFlag)
    i.EXTI_GetITStatus                       0x08002de8   Section        0  stm32f10x_exti.o(i.EXTI_GetITStatus)
    i.EXTI_Init                              0x08002e10   Section        0  stm32f10x_exti.o(i.EXTI_Init)
    i.FLASH_ClearFlag                        0x08002ea4   Section        0  stm32f10x_flash.o(i.FLASH_ClearFlag)
    i.FLASH_ErasePage                        0x08002eb0   Section        0  stm32f10x_flash.o(i.FLASH_ErasePage)
    i.FLASH_GetBank1Status                   0x08002efc   Section        0  stm32f10x_flash.o(i.FLASH_GetBank1Status)
    i.FLASH_Lock                             0x08002f30   Section        0  stm32f10x_flash.o(i.FLASH_Lock)
    i.FLASH_ProgramHalfWord                  0x08002f44   Section        0  stm32f10x_flash.o(i.FLASH_ProgramHalfWord)
    i.FLASH_Unlock                           0x08002f84   Section        0  stm32f10x_flash.o(i.FLASH_Unlock)
    i.FLASH_WaitForLastOperation             0x08002f9c   Section        0  stm32f10x_flash.o(i.FLASH_WaitForLastOperation)
    i.GPIO_EXTILineConfig                    0x08002fc4   Section        0  stm32f10x_gpio.o(i.GPIO_EXTILineConfig)
    i.GPIO_Init                              0x08003004   Section        0  stm32f10x_gpio.o(i.GPIO_Init)
    i.GPIO_ReadInputDataBit                  0x0800311a   Section        0  stm32f10x_gpio.o(i.GPIO_ReadInputDataBit)
    i.GPIO_ResetBits                         0x0800312c   Section        0  stm32f10x_gpio.o(i.GPIO_ResetBits)
    i.GPIO_SetBits                           0x08003130   Section        0  stm32f10x_gpio.o(i.GPIO_SetBits)
    i.GPIO_StructInit                        0x08003134   Section        0  stm32f10x_gpio.o(i.GPIO_StructInit)
    i.Get_BuffData                           0x08003144   Section        0  usart1.o(i.Get_BuffData)
    Get_BuffData                             0x08003145   Thumb Code    78  usart1.o(i.Get_BuffData)
    i.Get_Crc16                              0x080031a4   Section        0  crc8_16.o(i.Get_Crc16)
    i.Get_TVOC                               0x080031dc   Section        0  kqm2801a.o(i.Get_TVOC)
    i.Get_TempAmdHumi                        0x0800330c   Section        0  sht21.o(i.Get_TempAmdHumi)
    i.HardFault_Handler                      0x0800336c   Section        0  stm32f10x_it.o(i.HardFault_Handler)
    i.IIC_Ack                                0x08003370   Section        0  myiic.o(i.IIC_Ack)
    i.IIC_Init                               0x080033c0   Section        0  myiic.o(i.IIC_Init)
    i.IIC_NAck                               0x080033fc   Section        0  myiic.o(i.IIC_NAck)
    i.IIC_Read_Byte                          0x0800344c   Section        0  myiic.o(i.IIC_Read_Byte)
    i.IIC_Send_Byte                          0x080034bc   Section        0  myiic.o(i.IIC_Send_Byte)
    i.IIC_Start                              0x08003524   Section        0  myiic.o(i.IIC_Start)
    i.IIC_Stop                               0x08003570   Section        0  myiic.o(i.IIC_Stop)
    i.IIC_Wait_Ack                           0x080035bc   Section        0  myiic.o(i.IIC_Wait_Ack)
    i.IWDG_Enable                            0x08003624   Section        0  stm32f10x_iwdg.o(i.IWDG_Enable)
    i.IWDG_Feed                              0x08003634   Section        0  wdg.o(i.IWDG_Feed)
    i.IWDG_Init                              0x0800363c   Section        0  wdg.o(i.IWDG_Init)
    i.IWDG_ReloadCounter                     0x08003660   Section        0  stm32f10x_iwdg.o(i.IWDG_ReloadCounter)
    i.IWDG_SetPrescaler                      0x08003670   Section        0  stm32f10x_iwdg.o(i.IWDG_SetPrescaler)
    i.IWDG_SetReload                         0x0800367c   Section        0  stm32f10x_iwdg.o(i.IWDG_SetReload)
    i.IWDG_WriteAccessCmd                    0x08003688   Section        0  stm32f10x_iwdg.o(i.IWDG_WriteAccessCmd)
    i.KQM2801_Value                          0x08003694   Section        0  kqm2801a.o(i.KQM2801_Value)
    i.Key_Init                               0x0800376c   Section        0  key.o(i.Key_Init)
    i.LED_Init                               0x080037e0   Section        0  led.o(i.LED_Init)
    i.Light_Init                             0x080038ec   Section        0  light.o(i.Light_Init)
    i.MemManage_Handler                      0x08003920   Section        0  stm32f10x_it.o(i.MemManage_Handler)
    i.NMI_Handler                            0x08003924   Section        0  stm32f10x_it.o(i.NMI_Handler)
    i.NVIC_Configuration                     0x08003926   Section        0  sys.o(i.NVIC_Configuration)
    i.NVIC_Init                              0x08003934   Section        0  misc.o(i.NVIC_Init)
    i.NVIC_PriorityGroupConfig               0x080039a4   Section        0  misc.o(i.NVIC_PriorityGroupConfig)
    i.NVIC_SetVectorTable                    0x080039b8   Section        0  misc.o(i.NVIC_SetVectorTable)
    i.Nothing                                0x080039cc   Section        0  collect.o(i.Nothing)
    i.PendSV_Handler                         0x080039e4   Section        0  stm32f10x_it.o(i.PendSV_Handler)
    i.RCC_APB1PeriphClockCmd                 0x080039e8   Section        0  stm32f10x_rcc.o(i.RCC_APB1PeriphClockCmd)
    i.RCC_APB1PeriphResetCmd                 0x08003a08   Section        0  stm32f10x_rcc.o(i.RCC_APB1PeriphResetCmd)
    i.RCC_APB2PeriphClockCmd                 0x08003a28   Section        0  stm32f10x_rcc.o(i.RCC_APB2PeriphClockCmd)
    i.RCC_APB2PeriphResetCmd                 0x08003a48   Section        0  stm32f10x_rcc.o(i.RCC_APB2PeriphResetCmd)
    i.RCC_GetClocksFreq                      0x08003a68   Section        0  stm32f10x_rcc.o(i.RCC_GetClocksFreq)
    i.RF1_tx_bytes                           0x08003b3c   Section        0  usart1.o(i.RF1_tx_bytes)
    i.RF_GetCmd                              0x08003b80   Section        0  usart1.o(i.RF_GetCmd)
    i.RF_Init                                0x08003c68   Section        0  usart1.o(i.RF_Init)
    i.Return_NEW                             0x08003da0   Section        0  deal.o(i.Return_NEW)
    i.SDA_in                                 0x08003e14   Section        0  sensirion_sw_i2c.o(i.SDA_in)
    i.SDA_out                                0x08003e3c   Section        0  sensirion_sw_i2c.o(i.SDA_out)
    i.SHT2X_MeasureNHM                       0x08003e64   Section        0  sht21.o(i.SHT2X_MeasureNHM)
    i.SVC_Handler                            0x08003f78   Section        0  stm32f10x_it.o(i.SVC_Handler)
    i.See_BuffData                           0x08003f7c   Section        0  usart1.o(i.See_BuffData)
    See_BuffData                             0x08003f7d   Thumb Code    32  usart1.o(i.See_BuffData)
    i.See_BuffNextData                       0x08003fa4   Section        0  usart1.o(i.See_BuffNextData)
    See_BuffNextData                         0x08003fa5   Thumb Code    26  usart1.o(i.See_BuffNextData)
    i.SetSysClock                            0x08003fc8   Section        0  system_stm32f10x.o(i.SetSysClock)
    SetSysClock                              0x08003fc9   Thumb Code     8  system_stm32f10x.o(i.SetSysClock)
    i.SetSysClockTo72                        0x08003fd0   Section        0  system_stm32f10x.o(i.SetSysClockTo72)
    SetSysClockTo72                          0x08003fd1   Thumb Code   214  system_stm32f10x.o(i.SetSysClockTo72)
    i.SysTick_CLKSourceConfig                0x080040b0   Section        0  misc.o(i.SysTick_CLKSourceConfig)
    i.SysTick_Handler                        0x080040d8   Section        0  stm32f10x_it.o(i.SysTick_Handler)
    i.SystemInit                             0x080040dc   Section        0  system_stm32f10x.o(i.SystemInit)
    i.TIM3_IRQHandler                        0x0800413c   Section        0  interruptdef.o(i.TIM3_IRQHandler)
    i.TIM_ClearITPendingBit                  0x08004178   Section        0  stm32f10x_tim.o(i.TIM_ClearITPendingBit)
    i.TIM_Cmd                                0x0800417e   Section        0  stm32f10x_tim.o(i.TIM_Cmd)
    i.TIM_ITConfig                           0x08004196   Section        0  stm32f10x_tim.o(i.TIM_ITConfig)
    i.TIM_TimeBaseInit                       0x080041a8   Section        0  stm32f10x_tim.o(i.TIM_TimeBaseInit)
    i.USART1_IRQHandler                      0x0800424c   Section        0  usart1.o(i.USART1_IRQHandler)
    i.USART3_IRQHandler                      0x08004358   Section        0  usart3.o(i.USART3_IRQHandler)
    i.USART3_Init                            0x080043c4   Section        0  usart3.o(i.USART3_Init)
    i.USART_ClearFlag                        0x08004480   Section        0  stm32f10x_usart.o(i.USART_ClearFlag)
    i.USART_ClearITPendingBit                0x08004492   Section        0  stm32f10x_usart.o(i.USART_ClearITPendingBit)
    i.USART_Cmd                              0x080044b0   Section        0  stm32f10x_usart.o(i.USART_Cmd)
    i.USART_DeInit                           0x080044c8   Section        0  stm32f10x_usart.o(i.USART_DeInit)
    i.USART_GetFlagStatus                    0x08004564   Section        0  stm32f10x_usart.o(i.USART_GetFlagStatus)
    i.USART_GetITStatus                      0x0800457e   Section        0  stm32f10x_usart.o(i.USART_GetITStatus)
    i.USART_ITConfig                         0x080045d2   Section        0  stm32f10x_usart.o(i.USART_ITConfig)
    i.USART_Init                             0x0800461c   Section        0  stm32f10x_usart.o(i.USART_Init)
    i.USART_ReceiveData                      0x080046f4   Section        0  stm32f10x_usart.o(i.USART_ReceiveData)
    i.UsageFault_Handler                     0x080046fe   Section        0  stm32f10x_it.o(i.UsageFault_Handler)
    i._sys_exit                              0x08004702   Section        0  usart1.o(i._sys_exit)
    i._ttywrch                               0x08004708   Section        0  sys.o(i._ttywrch)
    i.addressIdinit                          0x0800470c   Section        0  collect.o(i.addressIdinit)
    i.cmd_0x01                               0x08004748   Section        0  deal.o(i.cmd_0x01)
    i.cmd_0x04                               0x0800497c   Section        0  deal.o(i.cmd_0x04)
    i.cmd_0x06                               0x08004a60   Section        0  deal.o(i.cmd_0x06)
    i.cmd_0x07                               0x08004b00   Section        0  deal.o(i.cmd_0x07)
    i.cmd_0x09                               0x08004b50   Section        0  deal.o(i.cmd_0x09)
    i.collectdeal                            0x08004b98   Section        0  collect.o(i.collectdeal)
    i.data_map_init                          0x08004c20   Section        0  data_map.o(i.data_map_init)
    i.deal                                   0x08004c50   Section        0  deal.o(i.deal)
    i.delay_init                             0x08004d24   Section        0  delay.o(i.delay_init)
    i.delay_ms                               0x08004d68   Section        0  delay.o(i.delay_ms)
    i.delay_us                               0x08004db4   Section        0  delay.o(i.delay_us)
    i.flash_Read                             0x08004e00   Section        0  flash.o(i.flash_Read)
    i.flash_Write                            0x08004e1a   Section        0  flash.o(i.flash_Write)
    i.get_data                               0x08004e5c   Section        0  usart3.o(i.get_data)
    i.main                                   0x08004f58   Section        0  main.o(i.main)
    i.read_measurement                       0x08004ff4   Section        0  sgp30.o(i.read_measurement)
    read_measurement                         0x08004ff5   Thumb Code    52  sgp30.o(i.read_measurement)
    i.sensirion_SCL_in                       0x0800502c   Section        0  sensirion_sw_i2c.o(i.sensirion_SCL_in)
    i.sensirion_SCL_out                      0x0800503c   Section        0  sensirion_sw_i2c.o(i.sensirion_SCL_out)
    i.sensirion_SDA_in                       0x0800504c   Section        0  sensirion_sw_i2c.o(i.sensirion_SDA_in)
    i.sensirion_SDA_out                      0x0800505c   Section        0  sensirion_sw_i2c.o(i.sensirion_SDA_out)
    i.sensirion_SDA_read                     0x0800506c   Section        0  sensirion_sw_i2c.o(i.sensirion_SDA_read)
    i.sensirion_common_check_crc             0x0800507c   Section        0  sensirion_common.o(i.sensirion_common_check_crc)
    i.sensirion_common_generate_crc          0x0800509a   Section        0  sensirion_common.o(i.sensirion_common_generate_crc)
    i.sensirion_i2c_init                     0x080050d4   Section        0  sensirion_sw_i2c.o(i.sensirion_i2c_init)
    i.sensirion_i2c_read                     0x080050dc   Section        0  sensirion_sw_i2c.o(i.sensirion_i2c_read)
    i.sensirion_i2c_read_byte                0x08005124   Section        0  sensirion_sw_i2c.o(i.sensirion_i2c_read_byte)
    sensirion_i2c_read_byte                  0x08005125   Thumb Code   114  sensirion_sw_i2c.o(i.sensirion_i2c_read_byte)
    i.sensirion_i2c_start                    0x08005196   Section        0  sensirion_sw_i2c.o(i.sensirion_i2c_start)
    sensirion_i2c_start                      0x08005197   Thumb Code    28  sensirion_sw_i2c.o(i.sensirion_i2c_start)
    i.sensirion_i2c_stop                     0x080051b2   Section        0  sensirion_sw_i2c.o(i.sensirion_i2c_stop)
    sensirion_i2c_stop                       0x080051b3   Thumb Code    38  sensirion_sw_i2c.o(i.sensirion_i2c_stop)
    i.sensirion_i2c_write                    0x080051d8   Section        0  sensirion_sw_i2c.o(i.sensirion_i2c_write)
    i.sensirion_i2c_write_byte               0x08005222   Section        0  sensirion_sw_i2c.o(i.sensirion_i2c_write_byte)
    sensirion_i2c_write_byte                 0x08005223   Thumb Code   110  sensirion_sw_i2c.o(i.sensirion_i2c_write_byte)
    i.sensirion_init_pins                    0x08005290   Section        0  sensirion_sw_i2c.o(i.sensirion_init_pins)
    i.sensirion_sleep_usec                   0x080052c4   Section        0  sensirion_sw_i2c.o(i.sensirion_sleep_usec)
    i.sgp_detect_featureset_version          0x080052d0   Section        0  sgp30.o(i.sgp_detect_featureset_version)
    sgp_detect_featureset_version            0x080052d1   Thumb Code   140  sgp30.o(i.sgp_detect_featureset_version)
    i.sgp_get_profile_by_number              0x08005368   Section        0  sgp30.o(i.sgp_get_profile_by_number)
    sgp_get_profile_by_number                0x08005369   Thumb Code    60  sgp30.o(i.sgp_get_profile_by_number)
    i.sgp_i2c_read_words                     0x080053a8   Section        0  sgp30.o(i.sgp_i2c_read_words)
    sgp_i2c_read_words                       0x080053a9   Thumb Code   100  sgp30.o(i.sgp_i2c_read_words)
    i.sgp_i2c_read_words_from_cmd            0x0800540c   Section        0  sgp30.o(i.sgp_i2c_read_words_from_cmd)
    sgp_i2c_read_words_from_cmd              0x0800540d   Thumb Code    46  sgp30.o(i.sgp_i2c_read_words_from_cmd)
    i.sgp_i2c_write                          0x0800543a   Section        0  sgp30.o(i.sgp_i2c_write)
    sgp_i2c_write                            0x0800543b   Thumb Code    28  sgp30.o(i.sgp_i2c_write)
    i.sgp_iaq_init                           0x08005456   Section        0  sgp30.o(i.sgp_iaq_init)
    i.sgp_measure_iaq_blocking_read          0x08005460   Section        0  sgp30.o(i.sgp_measure_iaq_blocking_read)
    i.sgp_probe                              0x0800548c   Section        0  sgp30.o(i.sgp_probe)
    i.sgp_run_profile                        0x0800556c   Section        0  sgp30.o(i.sgp_run_profile)
    sgp_run_profile                          0x0800556d   Thumb Code    56  sgp30.o(i.sgp_run_profile)
    i.sgp_run_profile_by_number              0x080055a8   Section        0  sgp30.o(i.sgp_run_profile_by_number)
    sgp_run_profile_by_number                0x080055a9   Thumb Code    40  sgp30.o(i.sgp_run_profile_by_number)
    i.time3_init                             0x080055d0   Section        0  interruptdef.o(i.time3_init)
    i.unpack_signals                         0x08005640   Section        0  sgp30.o(i.unpack_signals)
    unpack_signals                           0x08005641   Thumb Code   134  sgp30.o(i.unpack_signals)
    x$fpl$d2f                                0x080056cc   Section       98  d2f.o(x$fpl$d2f)
    x$fpl$dadd                               0x08005730   Section      336  daddsub_clz.o(x$fpl$dadd)
    _dadd1                                   0x08005741   Thumb Code     0  daddsub_clz.o(x$fpl$dadd)
    x$fpl$dcmpinf                            0x08005880   Section       24  dcmpi.o(x$fpl$dcmpinf)
    x$fpl$ddiv                               0x08005898   Section      688  ddiv.o(x$fpl$ddiv)
    ddiv_entry                               0x0800589f   Thumb Code     0  ddiv.o(x$fpl$ddiv)
    x$fpl$dflt                               0x08005b48   Section       46  dflt_clz.o(x$fpl$dflt)
    x$fpl$dfltu                              0x08005b76   Section       38  dflt_clz.o(x$fpl$dfltu)
    x$fpl$dleqf                              0x08005b9c   Section      120  dleqf.o(x$fpl$dleqf)
    x$fpl$dmul                               0x08005c14   Section      340  dmul.o(x$fpl$dmul)
    x$fpl$dnaninf                            0x08005d68   Section      156  dnaninf.o(x$fpl$dnaninf)
    x$fpl$dretinf                            0x08005e04   Section       12  dretinf.o(x$fpl$dretinf)
    x$fpl$dsub                               0x08005e10   Section      468  daddsub_clz.o(x$fpl$dsub)
    _dsub1                                   0x08005e21   Thumb Code     0  daddsub_clz.o(x$fpl$dsub)
    x$fpl$f2d                                0x08005fe4   Section       86  f2d.o(x$fpl$f2d)
    x$fpl$fcmpinf                            0x0800603a   Section       24  fcmpi.o(x$fpl$fcmpinf)
    x$fpl$feqf                               0x08006054   Section      104  feqf.o(x$fpl$feqf)
    x$fpl$ffltu                              0x080060bc   Section       38  fflt_clz.o(x$fpl$ffltu)
    x$fpl$fnaninf                            0x080060e2   Section      140  fnaninf.o(x$fpl$fnaninf)
    x$fpl$fretinf                            0x0800616e   Section       10  fretinf.o(x$fpl$fretinf)
    .constdata                               0x08006178   Section      512  crc8_16.o(.constdata)
    x$fpl$usenofp                            0x08006178   Section        0  usenofp.o(x$fpl$usenofp)
    .constdata                               0x08006378   Section       24  sgp30.o(.constdata)
    sgp_cmd_get_serial_id                    0x08006378   Data           2  sgp30.o(.constdata)
    sgp_cmd_get_featureset                   0x0800637a   Data           2  sgp30.o(.constdata)
    sgp_cmd_measure_test                     0x0800637c   Data           2  sgp30.o(.constdata)
    sgp_features_unknown                     0x08006380   Data          16  sgp30.o(.constdata)
    .constdata                               0x08006390   Section      552  sgp30_featureset.o(.constdata)
    ETHANOL_SIGNAL_FS9                       0x08006394   Data          36  sgp30_featureset.o(.constdata)
    H2_SIGNAL_FS9                            0x080063b8   Data          36  sgp30_featureset.o(.constdata)
    TVOC_PPB_FS9                             0x080063dc   Data          36  sgp30_featureset.o(.constdata)
    CO2_EQ_PPM                               0x08006400   Data          36  sgp30_featureset.o(.constdata)
    BASELINE_WORD1                           0x08006424   Data          36  sgp30_featureset.o(.constdata)
    BASELINE_WORD2                           0x08006448   Data          36  sgp30_featureset.o(.constdata)
    SGP_PROFILE_IAQ_INIT                     0x0800646c   Data          48  sgp30_featureset.o(.constdata)
    SGP_PROFILE_IAQ_MEASURE9                 0x0800649c   Data          48  sgp30_featureset.o(.constdata)
    SGP_PROFILE_IAQ_GET_BASELINE             0x080064cc   Data          48  sgp30_featureset.o(.constdata)
    SGP_PROFILE_IAQ_SET_BASELINE             0x080064fc   Data          48  sgp30_featureset.o(.constdata)
    SGP_PROFILE_MEASURE_SIGNALS9             0x0800652c   Data          48  sgp30_featureset.o(.constdata)
    SGP_PROFILE_SET_ABSOLUTE_HUMIDITY        0x0800655c   Data          48  sgp30_featureset.o(.constdata)
    supported_featureset_versions_fs9        0x0800658c   Data           2  sgp30_featureset.o(.constdata)
    supported_featureset_versions_fs32       0x0800658e   Data           2  sgp30_featureset.o(.constdata)
    .data                                    0x20000400   Section       20  system_stm32f10x.o(.data)
    .data                                    0x20000414   Section       20  stm32f10x_rcc.o(.data)
    APBAHBPrescTable                         0x20000414   Data          16  stm32f10x_rcc.o(.data)
    ADCPrescTable                            0x20000424   Data           4  stm32f10x_rcc.o(.data)
    .data                                    0x20000428   Section        4  delay.o(.data)
    fac_us                                   0x20000428   Data           1  delay.o(.data)
    fac_ms                                   0x2000042a   Data           2  delay.o(.data)
    .data                                    0x2000042c   Section        6  collect.o(.data)
    .data                                    0x20000432   Section        4  interruptdef.o(.data)
    .data                                    0x20000436   Section        1  key.o(.data)
    .data                                    0x20000438   Section       14  usart3.o(.data)
    err_time                                 0x20000445   Data           1  usart3.o(.data)
    .data                                    0x20000448   Section       16  usart1.o(.data)
    RX_START                                 0x20000448   Data           2  usart1.o(.data)
    RET_START                                0x2000044a   Data           2  usart1.o(.data)
    RET_NUM                                  0x2000044e   Data           2  usart1.o(.data)
    USART1_IDE                               0x20000450   Data           1  usart1.o(.data)
    .data                                    0x20000458   Section        8  sht21.o(.data)
    .data                                    0x20000460   Section       76  sgp30_featureset.o(.data)
    SGP_PROFILE_IAQ_MEASURE_SIGNALS9         0x20000460   Data           8  sgp30_featureset.o(.data)
    SGP_PROFILE_IAQ_GET_BASELINE_SIGNALS     0x20000468   Data           8  sgp30_featureset.o(.data)
    SGP_PROFILE_MEASURE_SIGNALS_SIGNALS9     0x20000470   Data           8  sgp30_featureset.o(.data)
    sgp_profiles9                            0x20000478   Data          20  sgp30_featureset.o(.data)
    sgp_profiles32                           0x2000048c   Data          24  sgp30_featureset.o(.data)
    .data                                    0x200004ac   Section       13  kqm2801a.o(.data)
    .bss                                     0x200004bc   Section       40  deal.o(.bss)
    .bss                                     0x200004e4   Section      356  usart3.o(.bss)
    .bss                                     0x20000648   Section      200  usart1.o(.bss)
    .bss                                     0x20000710   Section       48  sgp30.o(.bss)
    client_data                              0x20000710   Data          48  sgp30.o(.bss)
    .bss                                     0x20000740   Section       96  libspace.o(.bss)
    HEAP                                     0x200007a0   Section      512  startup_stm32f10x_md.o(HEAP)
    Heap_Mem                                 0x200007a0   Data         512  startup_stm32f10x_md.o(HEAP)
    STACK                                    0x200009a0   Section     2048  startup_stm32f10x_md.o(STACK)
    Stack_Mem                                0x200009a0   Data        2048  startup_stm32f10x_md.o(STACK)
    __initial_sp                             0x200011a0   Data           0  startup_stm32f10x_md.o(STACK)

    Global Symbols

    Symbol Name                              Value     Ov Type        Size  Object(Section)

    BuildAttributes$$THM_ISAv4$P$D$K$B$S$PE$A:L22UL41UL21$X:L11$S22US41US21$IEEE1$IW$USESV6$~STKCKD$USESV7$~SHL$OTIME$ROPI$EBA8$UX$STANDARDLIB$REQ8$PRES8$EABIv2 0x00000000   Number         0  anon$$obj.o ABSOLUTE
    __ARM_use_no_argv                        0x00000000   Number         0  main.o ABSOLUTE
    _printf_flags                            0x00000000   Number         0  printf_stubs.o ABSOLUTE
    _printf_return_value                     0x00000000   Number         0  printf_stubs.o ABSOLUTE
    _printf_sizespec                         0x00000000   Number         0  printf_stubs.o ABSOLUTE
    _printf_widthprec                        0x00000000   Number         0  printf_stubs.o ABSOLUTE
    __ARM_exceptions_init                     - Undefined Weak Reference
    __alloca_initialize                       - Undefined Weak Reference
    __arm_preinit_                            - Undefined Weak Reference
    __cpp_initialize__aeabi_                  - Undefined Weak Reference
    __cxa_finalize                            - Undefined Weak Reference
    __sigvec_lookup                           - Undefined Weak Reference
    __user_heap_extent                        - Undefined Weak Reference
    _atexit_init                              - Undefined Weak Reference
    _call_atexit_fns                          - Undefined Weak Reference
    _clock_init                               - Undefined Weak Reference
    _fp_trap_init                             - Undefined Weak Reference
    _fp_trap_shutdown                         - Undefined Weak Reference
    _get_lc_collate                           - Undefined Weak Reference
    _get_lc_monetary                          - Undefined Weak Reference
    _get_lc_numeric                           - Undefined Weak Reference
    _get_lc_time                              - Undefined Weak Reference
    _getenv_init                              - Undefined Weak Reference
    _handle_redirection                       - Undefined Weak Reference
    _initio                                   - Undefined Weak Reference
    _mutex_acquire                            - Undefined Weak Reference
    _mutex_free                               - Undefined Weak Reference
    _mutex_release                            - Undefined Weak Reference
    _printf_truncate_unsigned                 - Undefined Weak Reference
    _rand_init                                - Undefined Weak Reference
    _scanf_longlong                           - Undefined Weak Reference
    _scanf_mbtowc                             - Undefined Weak Reference
    _scanf_real                               - Undefined Weak Reference
    _scanf_string                             - Undefined Weak Reference
    _scanf_wctomb                             - Undefined Weak Reference
    _scanf_wstring                            - Undefined Weak Reference
    _signal_finish                            - Undefined Weak Reference
    _signal_init                              - Undefined Weak Reference
    _terminateio                              - Undefined Weak Reference
    __Vectors_Size                           0x000000ec   Number         0  startup_stm32f10x_md.o ABSOLUTE
    __Vectors                                0x08002800   Data           4  startup_stm32f10x_md.o(RESET)
    __Vectors_End                            0x080028ec   Data           0  startup_stm32f10x_md.o(RESET)
    __main                                   0x080028ed   Thumb Code     8  __main.o(!!!main)
    __scatterload                            0x080028f5   Thumb Code     0  __scatter.o(!!!scatter)
    __scatterload_rt2                        0x080028f5   Thumb Code    44  __scatter.o(!!!scatter)
    __scatterload_rt2_thumb_only             0x080028f5   Thumb Code     0  __scatter.o(!!!scatter)
    __scatterload_null                       0x08002903   Thumb Code     0  __scatter.o(!!!scatter)
    __scatterload_copy                       0x08002929   Thumb Code    26  __scatter_copy.o(!!handler_copy)
    __scatterload_zeroinit                   0x08002945   Thumb Code    28  __scatter_zi.o(!!handler_zi)
    __rt_lib_init                            0x08002961   Thumb Code     0  libinit.o(.ARM.Collect$$libinit$$00000000)
    __rt_lib_init_fp_1                       0x08002963   Thumb Code     0  libinit2.o(.ARM.Collect$$libinit$$00000002)
    __rt_lib_init_heap_2                     0x08002963   Thumb Code     0  libinit2.o(.ARM.Collect$$libinit$$00000005)
    __rt_lib_init_preinit_1                  0x08002963   Thumb Code     0  libinit2.o(.ARM.Collect$$libinit$$00000004)
    __rt_lib_init_alloca_1                   0x0800296b   Thumb Code     0  libinit2.o(.ARM.Collect$$libinit$$0000002E)
    __rt_lib_init_argv_1                     0x0800296b   Thumb Code     0  libinit2.o(.ARM.Collect$$libinit$$0000002C)
    __rt_lib_init_atexit_1                   0x0800296b   Thumb Code     0  libinit2.o(.ARM.Collect$$libinit$$0000001B)
    __rt_lib_init_clock_1                    0x0800296b   Thumb Code     0  libinit2.o(.ARM.Collect$$libinit$$00000021)
    __rt_lib_init_cpp_1                      0x0800296b   Thumb Code     0  libinit2.o(.ARM.Collect$$libinit$$00000032)
    __rt_lib_init_exceptions_1               0x0800296b   Thumb Code     0  libinit2.o(.ARM.Collect$$libinit$$00000030)
    __rt_lib_init_fp_trap_1                  0x0800296b   Thumb Code     0  libinit2.o(.ARM.Collect$$libinit$$0000001F)
    __rt_lib_init_getenv_1                   0x0800296b   Thumb Code     0  libinit2.o(.ARM.Collect$$libinit$$00000023)
    __rt_lib_init_heap_1                     0x0800296b   Thumb Code     0  libinit2.o(.ARM.Collect$$libinit$$0000000A)
    __rt_lib_init_lc_collate_1               0x0800296b   Thumb Code     0  libinit2.o(.ARM.Collect$$libinit$$00000011)
    __rt_lib_init_lc_ctype_1                 0x0800296b   Thumb Code     0  libinit2.o(.ARM.Collect$$libinit$$00000013)
    __rt_lib_init_lc_monetary_1              0x0800296b   Thumb Code     0  libinit2.o(.ARM.Collect$$libinit$$00000015)
    __rt_lib_init_lc_numeric_1               0x0800296b   Thumb Code     0  libinit2.o(.ARM.Collect$$libinit$$00000017)
    __rt_lib_init_lc_time_1                  0x0800296b   Thumb Code     0  libinit2.o(.ARM.Collect$$libinit$$00000019)
    __rt_lib_init_rand_1                     0x0800296b   Thumb Code     0  libinit2.o(.ARM.Collect$$libinit$$0000000E)
    __rt_lib_init_return                     0x0800296b   Thumb Code     0  libinit2.o(.ARM.Collect$$libinit$$00000033)
    __rt_lib_init_signal_1                   0x0800296b   Thumb Code     0  libinit2.o(.ARM.Collect$$libinit$$0000001D)
    __rt_lib_init_stdio_1                    0x0800296b   Thumb Code     0  libinit2.o(.ARM.Collect$$libinit$$00000025)
    __rt_lib_init_user_alloc_1               0x0800296b   Thumb Code     0  libinit2.o(.ARM.Collect$$libinit$$0000000C)
    __rt_lib_shutdown                        0x0800296d   Thumb Code     0  libshutdown.o(.ARM.Collect$$libshutdown$$00000000)
    __rt_lib_shutdown_fp_trap_1              0x0800296f   Thumb Code     0  libshutdown2.o(.ARM.Collect$$libshutdown$$00000006)
    __rt_lib_shutdown_heap_1                 0x0800296f   Thumb Code     0  libshutdown2.o(.ARM.Collect$$libshutdown$$0000000E)
    __rt_lib_shutdown_return                 0x0800296f   Thumb Code     0  libshutdown2.o(.ARM.Collect$$libshutdown$$0000000F)
    __rt_lib_shutdown_signal_1               0x0800296f   Thumb Code     0  libshutdown2.o(.ARM.Collect$$libshutdown$$00000009)
    __rt_lib_shutdown_stdio_1                0x0800296f   Thumb Code     0  libshutdown2.o(.ARM.Collect$$libshutdown$$00000003)
    __rt_lib_shutdown_user_alloc_1           0x0800296f   Thumb Code     0  libshutdown2.o(.ARM.Collect$$libshutdown$$0000000B)
    __rt_entry                               0x08002971   Thumb Code     0  __rtentry.o(.ARM.Collect$$rtentry$$00000000)
    __rt_entry_presh_1                       0x08002971   Thumb Code     0  __rtentry2.o(.ARM.Collect$$rtentry$$00000002)
    __rt_entry_sh                            0x08002971   Thumb Code     0  __rtentry4.o(.ARM.Collect$$rtentry$$00000004)
    __rt_entry_li                            0x08002977   Thumb Code     0  __rtentry2.o(.ARM.Collect$$rtentry$$0000000A)
    __rt_entry_postsh_1                      0x08002977   Thumb Code     0  __rtentry2.o(.ARM.Collect$$rtentry$$00000009)
    __rt_entry_main                          0x0800297b   Thumb Code     0  __rtentry2.o(.ARM.Collect$$rtentry$$0000000D)
    __rt_entry_postli_1                      0x0800297b   Thumb Code     0  __rtentry2.o(.ARM.Collect$$rtentry$$0000000C)
    __rt_exit                                0x08002983   Thumb Code     0  rtexit.o(.ARM.Collect$$rtexit$$00000000)
    __rt_exit_ls                             0x08002985   Thumb Code     0  rtexit2.o(.ARM.Collect$$rtexit$$00000003)
    __rt_exit_prels_1                        0x08002985   Thumb Code     0  rtexit2.o(.ARM.Collect$$rtexit$$00000002)
    __rt_exit_exit                           0x08002989   Thumb Code     0  rtexit2.o(.ARM.Collect$$rtexit$$00000004)
    Reset_Handler                            0x08002991   Thumb Code     8  startup_stm32f10x_md.o(.text)
    _maybe_terminate_alloc                   0x08002991   Thumb Code     0  maybetermalloc1.o(.emb_text)
    ADC1_2_IRQHandler                        0x080029ab   Thumb Code     0  startup_stm32f10x_md.o(.text)
    CAN1_RX1_IRQHandler                      0x080029ab   Thumb Code     0  startup_stm32f10x_md.o(.text)
    CAN1_SCE_IRQHandler                      0x080029ab   Thumb Code     0  startup_stm32f10x_md.o(.text)
    DMA1_Channel1_IRQHandler                 0x080029ab   Thumb Code     0  startup_stm32f10x_md.o(.text)
    DMA1_Channel2_IRQHandler                 0x080029ab   Thumb Code     0  startup_stm32f10x_md.o(.text)
    DMA1_Channel3_IRQHandler                 0x080029ab   Thumb Code     0  startup_stm32f10x_md.o(.text)
    DMA1_Channel4_IRQHandler                 0x080029ab   Thumb Code     0  startup_stm32f10x_md.o(.text)
    DMA1_Channel5_IRQHandler                 0x080029ab   Thumb Code     0  startup_stm32f10x_md.o(.text)
    DMA1_Channel6_IRQHandler                 0x080029ab   Thumb Code     0  startup_stm32f10x_md.o(.text)
    DMA1_Channel7_IRQHandler                 0x080029ab   Thumb Code     0  startup_stm32f10x_md.o(.text)
    EXTI0_IRQHandler                         0x080029ab   Thumb Code     0  startup_stm32f10x_md.o(.text)
    EXTI1_IRQHandler                         0x080029ab   Thumb Code     0  startup_stm32f10x_md.o(.text)
    EXTI2_IRQHandler                         0x080029ab   Thumb Code     0  startup_stm32f10x_md.o(.text)
    EXTI3_IRQHandler                         0x080029ab   Thumb Code     0  startup_stm32f10x_md.o(.text)
    EXTI4_IRQHandler                         0x080029ab   Thumb Code     0  startup_stm32f10x_md.o(.text)
    EXTI9_5_IRQHandler                       0x080029ab   Thumb Code     0  startup_stm32f10x_md.o(.text)
    FLASH_IRQHandler                         0x080029ab   Thumb Code     0  startup_stm32f10x_md.o(.text)
    I2C1_ER_IRQHandler                       0x080029ab   Thumb Code     0  startup_stm32f10x_md.o(.text)
    I2C1_EV_IRQHandler                       0x080029ab   Thumb Code     0  startup_stm32f10x_md.o(.text)
    I2C2_ER_IRQHandler                       0x080029ab   Thumb Code     0  startup_stm32f10x_md.o(.text)
    I2C2_EV_IRQHandler                       0x080029ab   Thumb Code     0  startup_stm32f10x_md.o(.text)
    PVD_IRQHandler                           0x080029ab   Thumb Code     0  startup_stm32f10x_md.o(.text)
    RCC_IRQHandler                           0x080029ab   Thumb Code     0  startup_stm32f10x_md.o(.text)
    RTCAlarm_IRQHandler                      0x080029ab   Thumb Code     0  startup_stm32f10x_md.o(.text)
    RTC_IRQHandler                           0x080029ab   Thumb Code     0  startup_stm32f10x_md.o(.text)
    SPI1_IRQHandler                          0x080029ab   Thumb Code     0  startup_stm32f10x_md.o(.text)
    SPI2_IRQHandler                          0x080029ab   Thumb Code     0  startup_stm32f10x_md.o(.text)
    TAMPER_IRQHandler                        0x080029ab   Thumb Code     0  startup_stm32f10x_md.o(.text)
    TIM1_BRK_IRQHandler                      0x080029ab   Thumb Code     0  startup_stm32f10x_md.o(.text)
    TIM1_CC_IRQHandler                       0x080029ab   Thumb Code     0  startup_stm32f10x_md.o(.text)
    TIM1_TRG_COM_IRQHandler                  0x080029ab   Thumb Code     0  startup_stm32f10x_md.o(.text)
    TIM1_UP_IRQHandler                       0x080029ab   Thumb Code     0  startup_stm32f10x_md.o(.text)
    TIM2_IRQHandler                          0x080029ab   Thumb Code     0  startup_stm32f10x_md.o(.text)
    TIM4_IRQHandler                          0x080029ab   Thumb Code     0  startup_stm32f10x_md.o(.text)
    USART2_IRQHandler                        0x080029ab   Thumb Code     0  startup_stm32f10x_md.o(.text)
    USBWakeUp_IRQHandler                     0x080029ab   Thumb Code     0  startup_stm32f10x_md.o(.text)
    USB_HP_CAN1_TX_IRQHandler                0x080029ab   Thumb Code     0  startup_stm32f10x_md.o(.text)
    USB_LP_CAN1_RX0_IRQHandler               0x080029ab   Thumb Code     0  startup_stm32f10x_md.o(.text)
    WWDG_IRQHandler                          0x080029ab   Thumb Code     0  startup_stm32f10x_md.o(.text)
    __user_initial_stackheap                 0x080029ad   Thumb Code     0  startup_stm32f10x_md.o(.text)
    __use_no_semihosting                     0x080029d1   Thumb Code     2  use_no_semi_2.o(.text)
    malloc                                   0x080029d3   Thumb Code    94  h1_alloc.o(.text)
    free                                     0x08002a31   Thumb Code    78  h1_free.o(.text)
    __aeabi_memcpy                           0x08002a7f   Thumb Code     0  rt_memcpy_v6.o(.text)
    __rt_memcpy                              0x08002a7f   Thumb Code   138  rt_memcpy_v6.o(.text)
    _memcpy_lastbytes                        0x08002ae5   Thumb Code     0  rt_memcpy_v6.o(.text)
    __aeabi_memclr4                          0x08002b09   Thumb Code     0  rt_memclr_w.o(.text)
    __aeabi_memclr8                          0x08002b09   Thumb Code     0  rt_memclr_w.o(.text)
    __rt_memclr_w                            0x08002b09   Thumb Code    78  rt_memclr_w.o(.text)
    _memset_w                                0x08002b0d   Thumb Code     0  rt_memclr_w.o(.text)
    __use_two_region_memory                  0x08002b57   Thumb Code     2  heapauxi.o(.text)
    __rt_heap_escrow                         0x08002b59   Thumb Code     2  heapauxi.o(.text)
    __rt_heap_expand                         0x08002b5b   Thumb Code     2  heapauxi.o(.text)
    __I$use$semihosting                      0x08002b5d   Thumb Code     0  use_no_semi.o(.text)
    __use_no_semihosting_swi                 0x08002b5d   Thumb Code     2  use_no_semi.o(.text)
    __rt_heap_descriptor                     0x08002b61   Thumb Code     8  rt_heap_descriptor_intlibspace.o(.text)
    __use_no_heap                            0x08002b69   Thumb Code     2  hguard.o(.text)
    __heap$guard                             0x08002b6b   Thumb Code     2  hguard.o(.text)
    _terminate_user_alloc                    0x08002b6d   Thumb Code     2  init_alloc.o(.text)
    _init_user_alloc                         0x08002b6f   Thumb Code     2  init_alloc.o(.text)
    __Heap_Full                              0x08002b71   Thumb Code    34  init_alloc.o(.text)
    __Heap_Broken                            0x08002b93   Thumb Code     6  init_alloc.o(.text)
    _init_alloc                              0x08002b99   Thumb Code    94  init_alloc.o(.text)
    __Heap_Initialize                        0x08002bf7   Thumb Code    10  h1_init.o(.text)
    __Heap_DescSize                          0x08002c01   Thumb Code     4  h1_init.o(.text)
    __aeabi_memcpy4                          0x08002c05   Thumb Code     0  rt_memcpy_w.o(.text)
    __aeabi_memcpy8                          0x08002c05   Thumb Code     0  rt_memcpy_w.o(.text)
    __rt_memcpy_w                            0x08002c05   Thumb Code   100  rt_memcpy_w.o(.text)
    _memcpy_lastbytes_aligned                0x08002c4d   Thumb Code     0  rt_memcpy_w.o(.text)
    __user_libspace                          0x08002c69   Thumb Code     8  libspace.o(.text)
    __user_perproc_libspace                  0x08002c69   Thumb Code     0  libspace.o(.text)
    __user_perthread_libspace                0x08002c69   Thumb Code     0  libspace.o(.text)
    __Heap_ProvideMemory                     0x08002c71   Thumb Code    52  h1_extend.o(.text)
    __rt_SIGRTMEM                            0x08002ca5   Thumb Code    14  defsig_rtmem_outer.o(.text)
    __user_setup_stackheap                   0x08002cb3   Thumb Code    74  sys_stackheap_outer.o(.text)
    exit                                     0x08002cfd   Thumb Code    12  exit.o(.text)
    __sig_exit                               0x08002d09   Thumb Code    10  defsig_exit.o(.text)
    __rt_SIGRTMEM_inner                      0x08002d15   Thumb Code    22  defsig_rtmem_inner.o(.text)
    __default_signal_display                 0x08002d65   Thumb Code    50  defsig_general.o(.text)
    BusFault_Handler                         0x08002d97   Thumb Code     4  stm32f10x_it.o(i.BusFault_Handler)
    DebugMon_Handler                         0x08002d9b   Thumb Code     2  stm32f10x_it.o(i.DebugMon_Handler)
    EXTI15_10_IRQHandler                     0x08002d9d   Thumb Code    56  key.o(i.EXTI15_10_IRQHandler)
    EXTI_ClearFlag                           0x08002ddd   Thumb Code     6  stm32f10x_exti.o(i.EXTI_ClearFlag)
    EXTI_GetITStatus                         0x08002de9   Thumb Code    34  stm32f10x_exti.o(i.EXTI_GetITStatus)
    EXTI_Init                                0x08002e11   Thumb Code   142  stm32f10x_exti.o(i.EXTI_Init)
    FLASH_ClearFlag                          0x08002ea5   Thumb Code     6  stm32f10x_flash.o(i.FLASH_ClearFlag)
    FLASH_ErasePage                          0x08002eb1   Thumb Code    72  stm32f10x_flash.o(i.FLASH_ErasePage)
    FLASH_GetBank1Status                     0x08002efd   Thumb Code    48  stm32f10x_flash.o(i.FLASH_GetBank1Status)
    FLASH_Lock                               0x08002f31   Thumb Code    14  stm32f10x_flash.o(i.FLASH_Lock)
    FLASH_ProgramHalfWord                    0x08002f45   Thumb Code    60  stm32f10x_flash.o(i.FLASH_ProgramHalfWord)
    FLASH_Unlock                             0x08002f85   Thumb Code    12  stm32f10x_flash.o(i.FLASH_Unlock)
    FLASH_WaitForLastOperation               0x08002f9d   Thumb Code    38  stm32f10x_flash.o(i.FLASH_WaitForLastOperation)
    GPIO_EXTILineConfig                      0x08002fc5   Thumb Code    60  stm32f10x_gpio.o(i.GPIO_EXTILineConfig)
    GPIO_Init                                0x08003005   Thumb Code   278  stm32f10x_gpio.o(i.GPIO_Init)
    GPIO_ReadInputDataBit                    0x0800311b   Thumb Code    18  stm32f10x_gpio.o(i.GPIO_ReadInputDataBit)
    GPIO_ResetBits                           0x0800312d   Thumb Code     4  stm32f10x_gpio.o(i.GPIO_ResetBits)
    GPIO_SetBits                             0x08003131   Thumb Code     4  stm32f10x_gpio.o(i.GPIO_SetBits)
    GPIO_StructInit                          0x08003135   Thumb Code    16  stm32f10x_gpio.o(i.GPIO_StructInit)
    Get_Crc16                                0x080031a5   Thumb Code    46  crc8_16.o(i.Get_Crc16)
    Get_TVOC                                 0x080031dd   Thumb Code   274  kqm2801a.o(i.Get_TVOC)
    Get_TempAmdHumi                          0x0800330d   Thumb Code    92  sht21.o(i.Get_TempAmdHumi)
    HardFault_Handler                        0x0800336d   Thumb Code     4  stm32f10x_it.o(i.HardFault_Handler)
    IIC_Ack                                  0x08003371   Thumb Code    66  myiic.o(i.IIC_Ack)
    IIC_Init                                 0x080033c1   Thumb Code    52  myiic.o(i.IIC_Init)
    IIC_NAck                                 0x080033fd   Thumb Code    66  myiic.o(i.IIC_NAck)
    IIC_Read_Byte                            0x0800344d   Thumb Code    98  myiic.o(i.IIC_Read_Byte)
    IIC_Send_Byte                            0x080034bd   Thumb Code    90  myiic.o(i.IIC_Send_Byte)
    IIC_Start                                0x08003525   Thumb Code    64  myiic.o(i.IIC_Start)
    IIC_Stop                                 0x08003571   Thumb Code    62  myiic.o(i.IIC_Stop)
    IIC_Wait_Ack                             0x080035bd   Thumb Code    90  myiic.o(i.IIC_Wait_Ack)
    IWDG_Enable                              0x08003625   Thumb Code    10  stm32f10x_iwdg.o(i.IWDG_Enable)
    IWDG_Feed                                0x08003635   Thumb Code     8  wdg.o(i.IWDG_Feed)
    IWDG_Init                                0x0800363d   Thumb Code    36  wdg.o(i.IWDG_Init)
    IWDG_ReloadCounter                       0x08003661   Thumb Code    10  stm32f10x_iwdg.o(i.IWDG_ReloadCounter)
    IWDG_SetPrescaler                        0x08003671   Thumb Code     6  stm32f10x_iwdg.o(i.IWDG_SetPrescaler)
    IWDG_SetReload                           0x0800367d   Thumb Code     6  stm32f10x_iwdg.o(i.IWDG_SetReload)
    IWDG_WriteAccessCmd                      0x08003689   Thumb Code     6  stm32f10x_iwdg.o(i.IWDG_WriteAccessCmd)
    KQM2801_Value                            0x08003695   Thumb Code   202  kqm2801a.o(i.KQM2801_Value)
    Key_Init                                 0x0800376d   Thumb Code   110  key.o(i.Key_Init)
    LED_Init                                 0x080037e1   Thumb Code   262  led.o(i.LED_Init)
    Light_Init                               0x080038ed   Thumb Code    46  light.o(i.Light_Init)
    MemManage_Handler                        0x08003921   Thumb Code     4  stm32f10x_it.o(i.MemManage_Handler)
    NMI_Handler                              0x08003925   Thumb Code     2  stm32f10x_it.o(i.NMI_Handler)
    NVIC_Configuration                       0x08003927   Thumb Code    12  sys.o(i.NVIC_Configuration)
    NVIC_Init                                0x08003935   Thumb Code   100  misc.o(i.NVIC_Init)
    NVIC_PriorityGroupConfig                 0x080039a5   Thumb Code    10  misc.o(i.NVIC_PriorityGroupConfig)
    NVIC_SetVectorTable                      0x080039b9   Thumb Code    12  misc.o(i.NVIC_SetVectorTable)
    Nothing                                  0x080039cd   Thumb Code    16  collect.o(i.Nothing)
    PendSV_Handler                           0x080039e5   Thumb Code     2  stm32f10x_it.o(i.PendSV_Handler)
    RCC_APB1PeriphClockCmd                   0x080039e9   Thumb Code    26  stm32f10x_rcc.o(i.RCC_APB1PeriphClockCmd)
    RCC_APB1PeriphResetCmd                   0x08003a09   Thumb Code    26  stm32f10x_rcc.o(i.RCC_APB1PeriphResetCmd)
    RCC_APB2PeriphClockCmd                   0x08003a29   Thumb Code    26  stm32f10x_rcc.o(i.RCC_APB2PeriphClockCmd)
    RCC_APB2PeriphResetCmd                   0x08003a49   Thumb Code    26  stm32f10x_rcc.o(i.RCC_APB2PeriphResetCmd)
    RCC_GetClocksFreq                        0x08003a69   Thumb Code   192  stm32f10x_rcc.o(i.RCC_GetClocksFreq)
    RF1_tx_bytes                             0x08003b3d   Thumb Code    64  usart1.o(i.RF1_tx_bytes)
    RF_GetCmd                                0x08003b81   Thumb Code   208  usart1.o(i.RF_GetCmd)
    RF_Init                                  0x08003c69   Thumb Code   304  usart1.o(i.RF_Init)
    Return_NEW                               0x08003da1   Thumb Code   112  deal.o(i.Return_NEW)
    SDA_in                                   0x08003e15   Thumb Code    36  sensirion_sw_i2c.o(i.SDA_in)
    SDA_out                                  0x08003e3d   Thumb Code    36  sensirion_sw_i2c.o(i.SDA_out)
    SHT2X_MeasureNHM                         0x08003e65   Thumb Code   248  sht21.o(i.SHT2X_MeasureNHM)
    SVC_Handler                              0x08003f79   Thumb Code     2  stm32f10x_it.o(i.SVC_Handler)
    SysTick_CLKSourceConfig                  0x080040b1   Thumb Code    40  misc.o(i.SysTick_CLKSourceConfig)
    SysTick_Handler                          0x080040d9   Thumb Code     2  stm32f10x_it.o(i.SysTick_Handler)
    SystemInit                               0x080040dd   Thumb Code    78  system_stm32f10x.o(i.SystemInit)
    TIM3_IRQHandler                          0x0800413d   Thumb Code    46  interruptdef.o(i.TIM3_IRQHandler)
    TIM_ClearITPendingBit                    0x08004179   Thumb Code     6  stm32f10x_tim.o(i.TIM_ClearITPendingBit)
    TIM_Cmd                                  0x0800417f   Thumb Code    24  stm32f10x_tim.o(i.TIM_Cmd)
    TIM_ITConfig                             0x08004197   Thumb Code    18  stm32f10x_tim.o(i.TIM_ITConfig)
    TIM_TimeBaseInit                         0x080041a9   Thumb Code   122  stm32f10x_tim.o(i.TIM_TimeBaseInit)
    USART1_IRQHandler                        0x0800424d   Thumb Code   248  usart1.o(i.USART1_IRQHandler)
    USART3_IRQHandler                        0x08004359   Thumb Code    90  usart3.o(i.USART3_IRQHandler)
    USART3_Init                              0x080043c5   Thumb Code   180  usart3.o(i.USART3_Init)
    USART_ClearFlag                          0x08004481   Thumb Code    18  stm32f10x_usart.o(i.USART_ClearFlag)
    USART_ClearITPendingBit                  0x08004493   Thumb Code    30  stm32f10x_usart.o(i.USART_ClearITPendingBit)
    USART_Cmd                                0x080044b1   Thumb Code    24  stm32f10x_usart.o(i.USART_Cmd)
    USART_DeInit                             0x080044c9   Thumb Code   134  stm32f10x_usart.o(i.USART_DeInit)
    USART_GetFlagStatus                      0x08004565   Thumb Code    26  stm32f10x_usart.o(i.USART_GetFlagStatus)
    USART_GetITStatus                        0x0800457f   Thumb Code    84  stm32f10x_usart.o(i.USART_GetITStatus)
    USART_ITConfig                           0x080045d3   Thumb Code    74  stm32f10x_usart.o(i.USART_ITConfig)
    USART_Init                               0x0800461d   Thumb Code   210  stm32f10x_usart.o(i.USART_Init)
    USART_ReceiveData                        0x080046f5   Thumb Code    10  stm32f10x_usart.o(i.USART_ReceiveData)
    UsageFault_Handler                       0x080046ff   Thumb Code     4  stm32f10x_it.o(i.UsageFault_Handler)
    _sys_exit                                0x08004703   Thumb Code     6  usart1.o(i._sys_exit)
    _ttywrch                                 0x08004709   Thumb Code     2  sys.o(i._ttywrch)
    addressIdinit                            0x0800470d   Thumb Code    50  collect.o(i.addressIdinit)
    cmd_0x01                                 0x08004749   Thumb Code   542  deal.o(i.cmd_0x01)
    cmd_0x04                                 0x0800497d   Thumb Code   224  deal.o(i.cmd_0x04)
    cmd_0x06                                 0x08004a61   Thumb Code   150  deal.o(i.cmd_0x06)
    cmd_0x07                                 0x08004b01   Thumb Code    68  deal.o(i.cmd_0x07)
    cmd_0x09                                 0x08004b51   Thumb Code    64  deal.o(i.cmd_0x09)
    collectdeal                              0x08004b99   Thumb Code   120  collect.o(i.collectdeal)
    data_map_init                            0x08004c21   Thumb Code    40  data_map.o(i.data_map_init)
    deal                                     0x08004c51   Thumb Code   198  deal.o(i.deal)
    delay_init                               0x08004d25   Thumb Code    50  delay.o(i.delay_init)
    delay_ms                                 0x08004d69   Thumb Code    72  delay.o(i.delay_ms)
    delay_us                                 0x08004db5   Thumb Code    72  delay.o(i.delay_us)
    flash_Read                               0x08004e01   Thumb Code    26  flash.o(i.flash_Read)
    flash_Write                              0x08004e1b   Thumb Code    64  flash.o(i.flash_Write)
    get_data                                 0x08004e5d   Thumb Code   218  usart3.o(i.get_data)
    main                                     0x08004f59   Thumb Code   144  main.o(i.main)
    sensirion_SCL_in                         0x0800502d   Thumb Code    12  sensirion_sw_i2c.o(i.sensirion_SCL_in)
    sensirion_SCL_out                        0x0800503d   Thumb Code    12  sensirion_sw_i2c.o(i.sensirion_SCL_out)
    sensirion_SDA_in                         0x0800504d   Thumb Code    12  sensirion_sw_i2c.o(i.sensirion_SDA_in)
    sensirion_SDA_out                        0x0800505d   Thumb Code    12  sensirion_sw_i2c.o(i.sensirion_SDA_out)
    sensirion_SDA_read                       0x0800506d   Thumb Code    12  sensirion_sw_i2c.o(i.sensirion_SDA_read)
    sensirion_common_check_crc               0x0800507d   Thumb Code    30  sensirion_common.o(i.sensirion_common_check_crc)
    sensirion_common_generate_crc            0x0800509b   Thumb Code    58  sensirion_common.o(i.sensirion_common_generate_crc)
    sensirion_i2c_init                       0x080050d5   Thumb Code     8  sensirion_sw_i2c.o(i.sensirion_i2c_init)
    sensirion_i2c_read                       0x080050dd   Thumb Code    72  sensirion_sw_i2c.o(i.sensirion_i2c_read)
    sensirion_i2c_write                      0x080051d9   Thumb Code    74  sensirion_sw_i2c.o(i.sensirion_i2c_write)
    sensirion_init_pins                      0x08005291   Thumb Code    46  sensirion_sw_i2c.o(i.sensirion_init_pins)
    sensirion_sleep_usec                     0x080052c5   Thumb Code    12  sensirion_sw_i2c.o(i.sensirion_sleep_usec)
    sgp_iaq_init                             0x08005457   Thumb Code    10  sgp30.o(i.sgp_iaq_init)
    sgp_measure_iaq_blocking_read            0x08005461   Thumb Code    38  sgp30.o(i.sgp_measure_iaq_blocking_read)
    sgp_probe                                0x0800548d   Thumb Code   210  sgp30.o(i.sgp_probe)
    time3_init                               0x080055d1   Thumb Code   108  interruptdef.o(i.time3_init)
    __aeabi_d2f                              0x080056cd   Thumb Code     0  d2f.o(x$fpl$d2f)
    _d2f                                     0x080056cd   Thumb Code    98  d2f.o(x$fpl$d2f)
    __aeabi_dadd                             0x08005731   Thumb Code     0  daddsub_clz.o(x$fpl$dadd)
    _dadd                                    0x08005731   Thumb Code   332  daddsub_clz.o(x$fpl$dadd)
    __fpl_dcmp_Inf                           0x08005881   Thumb Code    24  dcmpi.o(x$fpl$dcmpinf)
    __aeabi_ddiv                             0x08005899   Thumb Code     0  ddiv.o(x$fpl$ddiv)
    _ddiv                                    0x08005899   Thumb Code   552  ddiv.o(x$fpl$ddiv)
    __aeabi_i2d                              0x08005b49   Thumb Code     0  dflt_clz.o(x$fpl$dflt)
    _dflt                                    0x08005b49   Thumb Code    46  dflt_clz.o(x$fpl$dflt)
    __aeabi_ui2d                             0x08005b77   Thumb Code     0  dflt_clz.o(x$fpl$dfltu)
    _dfltu                                   0x08005b77   Thumb Code    38  dflt_clz.o(x$fpl$dfltu)
    __aeabi_cdcmple                          0x08005b9d   Thumb Code     0  dleqf.o(x$fpl$dleqf)
    _dcmple                                  0x08005b9d   Thumb Code   120  dleqf.o(x$fpl$dleqf)
    __fpl_dcmple_InfNaN                      0x08005bff   Thumb Code     0  dleqf.o(x$fpl$dleqf)
    __aeabi_dmul                             0x08005c15   Thumb Code     0  dmul.o(x$fpl$dmul)
    _dmul                                    0x08005c15   Thumb Code   332  dmul.o(x$fpl$dmul)
    __fpl_dnaninf                            0x08005d69   Thumb Code   156  dnaninf.o(x$fpl$dnaninf)
    __fpl_dretinf                            0x08005e05   Thumb Code    12  dretinf.o(x$fpl$dretinf)
    __aeabi_dsub                             0x08005e11   Thumb Code     0  daddsub_clz.o(x$fpl$dsub)
    _dsub                                    0x08005e11   Thumb Code   464  daddsub_clz.o(x$fpl$dsub)
    __aeabi_f2d                              0x08005fe5   Thumb Code     0  f2d.o(x$fpl$f2d)
    _f2d                                     0x08005fe5   Thumb Code    86  f2d.o(x$fpl$f2d)
    __fpl_fcmp_Inf                           0x0800603b   Thumb Code    24  fcmpi.o(x$fpl$fcmpinf)
    __aeabi_cfcmpeq                          0x08006055   Thumb Code     0  feqf.o(x$fpl$feqf)
    _fcmpeq                                  0x08006055   Thumb Code   104  feqf.o(x$fpl$feqf)
    __aeabi_ui2f                             0x080060bd   Thumb Code     0  fflt_clz.o(x$fpl$ffltu)
    _ffltu                                   0x080060bd   Thumb Code    38  fflt_clz.o(x$fpl$ffltu)
    __fpl_fnaninf                            0x080060e3   Thumb Code   140  fnaninf.o(x$fpl$fnaninf)
    __fpl_fretinf                            0x0800616f   Thumb Code    10  fretinf.o(x$fpl$fretinf)
    __I$use$fp                               0x08006178   Number         0  usenofp.o(x$fpl$usenofp)
    auchCRCHi                                0x08006178   Data         256  crc8_16.o(.constdata)
    auchCRCLo                                0x08006278   Data         256  crc8_16.o(.constdata)
    PROFILE_NUMBER_MEASURE_SIGNALS           0x08006390   Data           1  sgp30_featureset.o(.constdata)
    PROFILE_NUMBER_SET_ABSOLUTE_HUMIDITY     0x08006391   Data           1  sgp30_featureset.o(.constdata)
    sgp_featureset9                          0x08006590   Data          16  sgp30_featureset.o(.constdata)
    sgp_featureset32                         0x080065a0   Data          16  sgp30_featureset.o(.constdata)
    sgp_supported_featuresets                0x080065b0   Data           8  sgp30_featureset.o(.constdata)
    Region$$Table$$Base                      0x080065b8   Number         0  anon$$obj.o(Region$$Table)
    Region$$Table$$Limit                     0x080065d8   Number         0  anon$$obj.o(Region$$Table)
    SystemCoreClock                          0x20000400   Data           4  system_stm32f10x.o(.data)
    AHBPrescTable                            0x20000404   Data          16  system_stm32f10x.o(.data)
    collectNumber                            0x2000042c   Data           1  collect.o(.data)
    centerNumber                             0x2000042d   Data           1  collect.o(.data)
    controlNumber                            0x2000042e   Data           1  collect.o(.data)
    collectId                                0x20000430   Data           2  collect.o(.data)
    time3_count                              0x20000432   Data           2  interruptdef.o(.data)
    time3_flag                               0x20000434   Data           1  interruptdef.o(.data)
    controlId                                0x20000435   Data           1  interruptdef.o(.data)
    AllocationFlag                           0x20000436   Data           1  key.o(.data)
    PM2_5_value                              0x20000438   Data           4  usart3.o(.data)
    usart3_rcv_len                           0x2000043c   Data           4  usart3.o(.data)
    buf_len3                                 0x20000440   Data           1  usart3.o(.data)
    flag_rxusart3                            0x20000441   Data           1  usart3.o(.data)
    MaxLenth3                                0x20000442   Data           1  usart3.o(.data)
    Nowcount3                                0x20000443   Data           1  usart3.o(.data)
    USART3_IDE                               0x20000444   Data           1  usart3.o(.data)
    USART_RX_STA                             0x2000044c   Data           2  usart1.o(.data)
    __stdout                                 0x20000454   Data           4  usart1.o(.data)
    TempAndHumi                              0x20000458   Data           8  sht21.o(.data)
    featuresets                              0x200004a4   Data           8  sgp30_featureset.o(.data)
    TvocValue                                0x200004ac   Data           4  kqm2801a.o(.data)
    TVOCValue                                0x200004b0   Data           4  kqm2801a.o(.data)
    CO2Value                                 0x200004b4   Data           4  kqm2801a.o(.data)
    SGP_STATE                                0x200004b8   Data           1  kqm2801a.o(.data)
    dataBuffer                               0x200004bc   Data          40  deal.o(.bss)
    usart3_rcv_buf                           0x200004e4   Data         100  usart3.o(.bss)
    usart3_buf                               0x20000548   Data         256  usart3.o(.bss)
    USART_RX_BUF                             0x20000648   Data         200  usart1.o(.bss)
    __libspace_start                         0x20000740   Data          96  libspace.o(.bss)
    __temporary_stack_top$libspace           0x200007a0   Data           0  libspace.o(.bss)



==============================================================================

Memory Map of the image

  Image Entry point : 0x080028ed

  Load Region LR_IROM1 (Base: 0x08002800, Size: 0x00003e94, Max: 0x0000d800, ABSOLUTE)

    Execution Region ER_IROM1 (Base: 0x08002800, Size: 0x00003dd8, Max: 0x0000d800, ABSOLUTE)

    Base Addr    Size         Type   Attr      Idx    E Section Name        Object

    0x08002800   0x000000ec   Data   RO          244    RESET               startup_stm32f10x_md.o
    0x080028ec   0x00000008   Code   RO         4343  * !!!main             c_w.l(__main.o)
    0x080028f4   0x00000034   Code   RO         4617    !!!scatter          c_w.l(__scatter.o)
    0x08002928   0x0000001a   Code   RO         4619    !!handler_copy      c_w.l(__scatter_copy.o)
    0x08002942   0x00000002   PAD
    0x08002944   0x0000001c   Code   RO         4621    !!handler_zi        c_w.l(__scatter_zi.o)
    0x08002960   0x00000002   Code   RO         4551    .ARM.Collect$$libinit$$00000000  c_w.l(libinit.o)
    0x08002962   0x00000000   Code   RO         4425    .ARM.Collect$$libinit$$00000002  c_w.l(libinit2.o)
    0x08002962   0x00000000   Code   RO         4427    .ARM.Collect$$libinit$$00000004  c_w.l(libinit2.o)
    0x08002962   0x00000008   Code   RO         4428    .ARM.Collect$$libinit$$00000005  c_w.l(libinit2.o)
    0x0800296a   0x00000000   Code   RO         4430    .ARM.Collect$$libinit$$0000000A  c_w.l(libinit2.o)
    0x0800296a   0x00000000   Code   RO         4432    .ARM.Collect$$libinit$$0000000C  c_w.l(libinit2.o)
    0x0800296a   0x00000000   Code   RO         4434    .ARM.Collect$$libinit$$0000000E  c_w.l(libinit2.o)
    0x0800296a   0x00000000   Code   RO         4437    .ARM.Collect$$libinit$$00000011  c_w.l(libinit2.o)
    0x0800296a   0x00000000   Code   RO         4439    .ARM.Collect$$libinit$$00000013  c_w.l(libinit2.o)
    0x0800296a   0x00000000   Code   RO         4441    .ARM.Collect$$libinit$$00000015  c_w.l(libinit2.o)
    0x0800296a   0x00000000   Code   RO         4443    .ARM.Collect$$libinit$$00000017  c_w.l(libinit2.o)
    0x0800296a   0x00000000   Code   RO         4445    .ARM.Collect$$libinit$$00000019  c_w.l(libinit2.o)
    0x0800296a   0x00000000   Code   RO         4447    .ARM.Collect$$libinit$$0000001B  c_w.l(libinit2.o)
    0x0800296a   0x00000000   Code   RO         4449    .ARM.Collect$$libinit$$0000001D  c_w.l(libinit2.o)
    0x0800296a   0x00000000   Code   RO         4451    .ARM.Collect$$libinit$$0000001F  c_w.l(libinit2.o)
    0x0800296a   0x00000000   Code   RO         4453    .ARM.Collect$$libinit$$00000021  c_w.l(libinit2.o)
    0x0800296a   0x00000000   Code   RO         4455    .ARM.Collect$$libinit$$00000023  c_w.l(libinit2.o)
    0x0800296a   0x00000000   Code   RO         4457    .ARM.Collect$$libinit$$00000025  c_w.l(libinit2.o)
    0x0800296a   0x00000000   Code   RO         4461    .ARM.Collect$$libinit$$0000002C  c_w.l(libinit2.o)
    0x0800296a   0x00000000   Code   RO         4463    .ARM.Collect$$libinit$$0000002E  c_w.l(libinit2.o)
    0x0800296a   0x00000000   Code   RO         4465    .ARM.Collect$$libinit$$00000030  c_w.l(libinit2.o)
    0x0800296a   0x00000000   Code   RO         4467    .ARM.Collect$$libinit$$00000032  c_w.l(libinit2.o)
    0x0800296a   0x00000002   Code   RO         4468    .ARM.Collect$$libinit$$00000033  c_w.l(libinit2.o)
    0x0800296c   0x00000002   Code   RO         4614    .ARM.Collect$$libshutdown$$00000000  c_w.l(libshutdown.o)
    0x0800296e   0x00000000   Code   RO         4572    .ARM.Collect$$libshutdown$$00000003  c_w.l(libshutdown2.o)
    0x0800296e   0x00000000   Code   RO         4575    .ARM.Collect$$libshutdown$$00000006  c_w.l(libshutdown2.o)
    0x0800296e   0x00000000   Code   RO         4578    .ARM.Collect$$libshutdown$$00000009  c_w.l(libshutdown2.o)
    0x0800296e   0x00000000   Code   RO         4580    .ARM.Collect$$libshutdown$$0000000B  c_w.l(libshutdown2.o)
    0x0800296e   0x00000000   Code   RO         4583    .ARM.Collect$$libshutdown$$0000000E  c_w.l(libshutdown2.o)
    0x0800296e   0x00000002   Code   RO         4584    .ARM.Collect$$libshutdown$$0000000F  c_w.l(libshutdown2.o)
    0x08002970   0x00000000   Code   RO         4381    .ARM.Collect$$rtentry$$00000000  c_w.l(__rtentry.o)
    0x08002970   0x00000000   Code   RO         4488    .ARM.Collect$$rtentry$$00000002  c_w.l(__rtentry2.o)
    0x08002970   0x00000006   Code   RO         4500    .ARM.Collect$$rtentry$$00000004  c_w.l(__rtentry4.o)
    0x08002976   0x00000000   Code   RO         4490    .ARM.Collect$$rtentry$$00000009  c_w.l(__rtentry2.o)
    0x08002976   0x00000004   Code   RO         4491    .ARM.Collect$$rtentry$$0000000A  c_w.l(__rtentry2.o)
    0x0800297a   0x00000000   Code   RO         4493    .ARM.Collect$$rtentry$$0000000C  c_w.l(__rtentry2.o)
    0x0800297a   0x00000008   Code   RO         4494    .ARM.Collect$$rtentry$$0000000D  c_w.l(__rtentry2.o)
    0x08002982   0x00000002   Code   RO         4552    .ARM.Collect$$rtexit$$00000000  c_w.l(rtexit.o)
    0x08002984   0x00000000   Code   RO         4586    .ARM.Collect$$rtexit$$00000002  c_w.l(rtexit2.o)
    0x08002984   0x00000004   Code   RO         4587    .ARM.Collect$$rtexit$$00000003  c_w.l(rtexit2.o)
    0x08002988   0x00000006   Code   RO         4588    .ARM.Collect$$rtexit$$00000004  c_w.l(rtexit2.o)
    0x0800298e   0x00000002   PAD
    0x08002990   0x00000000   Code   RO         4504    .emb_text           c_w.l(maybetermalloc1.o)
    0x08002990   0x00000040   Code   RO          245    .text               startup_stm32f10x_md.o
    0x080029d0   0x00000002   Code   RO         4218    .text               c_w.l(use_no_semi_2.o)
    0x080029d2   0x0000005e   Code   RO         4224    .text               c_w.l(h1_alloc.o)
    0x08002a30   0x0000004e   Code   RO         4226    .text               c_w.l(h1_free.o)
    0x08002a7e   0x0000008a   Code   RO         4337    .text               c_w.l(rt_memcpy_v6.o)
    0x08002b08   0x0000004e   Code   RO         4339    .text               c_w.l(rt_memclr_w.o)
    0x08002b56   0x00000006   Code   RO         4341    .text               c_w.l(heapauxi.o)
    0x08002b5c   0x00000002   Code   RO         4377    .text               c_w.l(use_no_semi.o)
    0x08002b5e   0x00000002   PAD
    0x08002b60   0x00000008   Code   RO         4385    .text               c_w.l(rt_heap_descriptor_intlibspace.o)
    0x08002b68   0x00000004   Code   RO         4387    .text               c_w.l(hguard.o)
    0x08002b6c   0x0000008a   Code   RO         4389    .text               c_w.l(init_alloc.o)
    0x08002bf6   0x0000000e   Code   RO         4393    .text               c_w.l(h1_init.o)
    0x08002c04   0x00000064   Code   RO         4420    .text               c_w.l(rt_memcpy_w.o)
    0x08002c68   0x00000008   Code   RO         4484    .text               c_w.l(libspace.o)
    0x08002c70   0x00000034   Code   RO         4506    .text               c_w.l(h1_extend.o)
    0x08002ca4   0x0000000e   Code   RO         4516    .text               c_w.l(defsig_rtmem_outer.o)
    0x08002cb2   0x0000004a   Code   RO         4528    .text               c_w.l(sys_stackheap_outer.o)
    0x08002cfc   0x0000000c   Code   RO         4536    .text               c_w.l(exit.o)
    0x08002d08   0x0000000a   Code   RO         4538    .text               c_w.l(defsig_exit.o)
    0x08002d12   0x00000002   PAD
    0x08002d14   0x00000050   Code   RO         4540    .text               c_w.l(defsig_rtmem_inner.o)
    0x08002d64   0x00000032   Code   RO         4568    .text               c_w.l(defsig_general.o)
    0x08002d96   0x00000004   Code   RO          134    i.BusFault_Handler  stm32f10x_it.o
    0x08002d9a   0x00000002   Code   RO          135    i.DebugMon_Handler  stm32f10x_it.o
    0x08002d9c   0x00000040   Code   RO         3481    i.EXTI15_10_IRQHandler  key.o
    0x08002ddc   0x0000000c   Code   RO         1064    i.EXTI_ClearFlag    stm32f10x_exti.o
    0x08002de8   0x00000028   Code   RO         1069    i.EXTI_GetITStatus  stm32f10x_exti.o
    0x08002e10   0x00000094   Code   RO         1070    i.EXTI_Init         stm32f10x_exti.o
    0x08002ea4   0x0000000c   Code   RO         1118    i.FLASH_ClearFlag   stm32f10x_flash.o
    0x08002eb0   0x0000004c   Code   RO         1123    i.FLASH_ErasePage   stm32f10x_flash.o
    0x08002efc   0x00000034   Code   RO         1124    i.FLASH_GetBank1Status  stm32f10x_flash.o
    0x08002f30   0x00000014   Code   RO         1133    i.FLASH_Lock        stm32f10x_flash.o
    0x08002f44   0x00000040   Code   RO         1136    i.FLASH_ProgramHalfWord  stm32f10x_flash.o
    0x08002f84   0x00000018   Code   RO         1141    i.FLASH_Unlock      stm32f10x_flash.o
    0x08002f9c   0x00000026   Code   RO         1145    i.FLASH_WaitForLastOperation  stm32f10x_flash.o
    0x08002fc2   0x00000002   PAD
    0x08002fc4   0x00000040   Code   RO         1418    i.GPIO_EXTILineConfig  stm32f10x_gpio.o
    0x08003004   0x00000116   Code   RO         1421    i.GPIO_Init         stm32f10x_gpio.o
    0x0800311a   0x00000012   Code   RO         1425    i.GPIO_ReadInputDataBit  stm32f10x_gpio.o
    0x0800312c   0x00000004   Code   RO         1428    i.GPIO_ResetBits    stm32f10x_gpio.o
    0x08003130   0x00000004   Code   RO         1429    i.GPIO_SetBits      stm32f10x_gpio.o
    0x08003134   0x00000010   Code   RO         1430    i.GPIO_StructInit   stm32f10x_gpio.o
    0x08003144   0x00000060   Code   RO         3608    i.Get_BuffData      usart1.o
    0x080031a4   0x00000038   Code   RO         3406    i.Get_Crc16         crc8_16.o
    0x080031dc   0x00000130   Code   RO         4162    i.Get_TVOC          kqm2801a.o
    0x0800330c   0x00000060   Code   RO         3745    i.Get_TempAmdHumi   sht21.o
    0x0800336c   0x00000004   Code   RO          136    i.HardFault_Handler  stm32f10x_it.o
    0x08003370   0x00000050   Code   RO         3685    i.IIC_Ack           myiic.o
    0x080033c0   0x0000003c   Code   RO         3687    i.IIC_Init          myiic.o
    0x080033fc   0x00000050   Code   RO         3688    i.IIC_NAck          myiic.o
    0x0800344c   0x00000070   Code   RO         3689    i.IIC_Read_Byte     myiic.o
    0x080034bc   0x00000068   Code   RO         3690    i.IIC_Send_Byte     myiic.o
    0x08003524   0x0000004c   Code   RO         3691    i.IIC_Start         myiic.o
    0x08003570   0x0000004c   Code   RO         3692    i.IIC_Stop          myiic.o
    0x080035bc   0x00000068   Code   RO         3693    i.IIC_Wait_Ack      myiic.o
    0x08003624   0x00000010   Code   RO         1733    i.IWDG_Enable       stm32f10x_iwdg.o
    0x08003634   0x00000008   Code   RO         4198    i.IWDG_Feed         wdg.o
    0x0800363c   0x00000024   Code   RO         4199    i.IWDG_Init         wdg.o
    0x08003660   0x00000010   Code   RO         1735    i.IWDG_ReloadCounter  stm32f10x_iwdg.o
    0x08003670   0x0000000c   Code   RO         1736    i.IWDG_SetPrescaler  stm32f10x_iwdg.o
    0x0800367c   0x0000000c   Code   RO         1737    i.IWDG_SetReload    stm32f10x_iwdg.o
    0x08003688   0x0000000c   Code   RO         1738    i.IWDG_WriteAccessCmd  stm32f10x_iwdg.o
    0x08003694   0x000000d8   Code   RO         4163    i.KQM2801_Value     kqm2801a.o
    0x0800376c   0x00000074   Code   RO         3482    i.Key_Init          key.o
    0x080037e0   0x0000010c   Code   RO         3505    i.LED_Init          led.o
    0x080038ec   0x00000034   Code   RO         3517    i.Light_Init        light.o
    0x08003920   0x00000004   Code   RO          137    i.MemManage_Handler  stm32f10x_it.o
    0x08003924   0x00000002   Code   RO          138    i.NMI_Handler       stm32f10x_it.o
    0x08003926   0x0000000c   Code   RO         3269    i.NVIC_Configuration  sys.o
    0x08003932   0x00000002   PAD
    0x08003934   0x00000070   Code   RO          249    i.NVIC_Init         misc.o
    0x080039a4   0x00000014   Code   RO          250    i.NVIC_PriorityGroupConfig  misc.o
    0x080039b8   0x00000014   Code   RO          251    i.NVIC_SetVectorTable  misc.o
    0x080039cc   0x00000018   Code   RO         3375    i.Nothing           collect.o
    0x080039e4   0x00000002   Code   RO          139    i.PendSV_Handler    stm32f10x_it.o
    0x080039e6   0x00000002   PAD
    0x080039e8   0x00000020   Code   RO         1840    i.RCC_APB1PeriphClockCmd  stm32f10x_rcc.o
    0x08003a08   0x00000020   Code   RO         1841    i.RCC_APB1PeriphResetCmd  stm32f10x_rcc.o
    0x08003a28   0x00000020   Code   RO         1842    i.RCC_APB2PeriphClockCmd  stm32f10x_rcc.o
    0x08003a48   0x00000020   Code   RO         1843    i.RCC_APB2PeriphResetCmd  stm32f10x_rcc.o
    0x08003a68   0x000000d4   Code   RO         1850    i.RCC_GetClocksFreq  stm32f10x_rcc.o
    0x08003b3c   0x00000044   Code   RO         3609    i.RF1_tx_bytes      usart1.o
    0x08003b80   0x000000e8   Code   RO         3611    i.RF_GetCmd         usart1.o
    0x08003c68   0x00000138   Code   RO         3612    i.RF_Init           usart1.o
    0x08003da0   0x00000074   Code   RO         3287    i.Return_NEW        deal.o
    0x08003e14   0x00000028   Code   RO         3812    i.SDA_in            sensirion_sw_i2c.o
    0x08003e3c   0x00000028   Code   RO         3813    i.SDA_out           sensirion_sw_i2c.o
    0x08003e64   0x00000114   Code   RO         3746    i.SHT2X_MeasureNHM  sht21.o
    0x08003f78   0x00000002   Code   RO          140    i.SVC_Handler       stm32f10x_it.o
    0x08003f7a   0x00000002   PAD
    0x08003f7c   0x00000028   Code   RO         3613    i.See_BuffData      usart1.o
    0x08003fa4   0x00000024   Code   RO         3614    i.See_BuffNextData  usart1.o
    0x08003fc8   0x00000008   Code   RO          208    i.SetSysClock       system_stm32f10x.o
    0x08003fd0   0x000000e0   Code   RO          209    i.SetSysClockTo72   system_stm32f10x.o
    0x080040b0   0x00000028   Code   RO          253    i.SysTick_CLKSourceConfig  misc.o
    0x080040d8   0x00000002   Code   RO          141    i.SysTick_Handler   stm32f10x_it.o
    0x080040da   0x00000002   PAD
    0x080040dc   0x00000060   Code   RO          211    i.SystemInit        system_stm32f10x.o
    0x0800413c   0x0000003c   Code   RO         3447    i.TIM3_IRQHandler   interruptdef.o
    0x08004178   0x00000006   Code   RO         2469    i.TIM_ClearITPendingBit  stm32f10x_tim.o
    0x0800417e   0x00000018   Code   RO         2474    i.TIM_Cmd           stm32f10x_tim.o
    0x08004196   0x00000012   Code   RO         2499    i.TIM_ITConfig      stm32f10x_tim.o
    0x080041a8   0x000000a4   Code   RO         2545    i.TIM_TimeBaseInit  stm32f10x_tim.o
    0x0800424c   0x0000010c   Code   RO         3616    i.USART1_IRQHandler  usart1.o
    0x08004358   0x0000006c   Code   RO         3531    i.USART3_IRQHandler  usart3.o
    0x080043c4   0x000000bc   Code   RO         3532    i.USART3_Init       usart3.o
    0x08004480   0x00000012   Code   RO         3006    i.USART_ClearFlag   stm32f10x_usart.o
    0x08004492   0x0000001e   Code   RO         3007    i.USART_ClearITPendingBit  stm32f10x_usart.o
    0x080044b0   0x00000018   Code   RO         3010    i.USART_Cmd         stm32f10x_usart.o
    0x080044c8   0x0000009c   Code   RO         3012    i.USART_DeInit      stm32f10x_usart.o
    0x08004564   0x0000001a   Code   RO         3013    i.USART_GetFlagStatus  stm32f10x_usart.o
    0x0800457e   0x00000054   Code   RO         3014    i.USART_GetITStatus  stm32f10x_usart.o
    0x080045d2   0x0000004a   Code   RO         3016    i.USART_ITConfig    stm32f10x_usart.o
    0x0800461c   0x000000d8   Code   RO         3017    i.USART_Init        stm32f10x_usart.o
    0x080046f4   0x0000000a   Code   RO         3024    i.USART_ReceiveData  stm32f10x_usart.o
    0x080046fe   0x00000004   Code   RO          142    i.UsageFault_Handler  stm32f10x_it.o
    0x08004702   0x00000006   Code   RO         3617    i._sys_exit         usart1.o
    0x08004708   0x00000002   Code   RO         3270    i._ttywrch          sys.o
    0x0800470a   0x00000002   PAD
    0x0800470c   0x0000003c   Code   RO         3376    i.addressIdinit     collect.o
    0x08004748   0x00000234   Code   RO         3288    i.cmd_0x01          deal.o
    0x0800497c   0x000000e4   Code   RO         3289    i.cmd_0x04          deal.o
    0x08004a60   0x000000a0   Code   RO         3290    i.cmd_0x06          deal.o
    0x08004b00   0x00000050   Code   RO         3291    i.cmd_0x07          deal.o
    0x08004b50   0x00000048   Code   RO         3292    i.cmd_0x09          deal.o
    0x08004b98   0x00000088   Code   RO         3377    i.collectdeal       collect.o
    0x08004c20   0x00000030   Code   RO         3427    i.data_map_init     data_map.o
    0x08004c50   0x000000d4   Code   RO         3293    i.deal              deal.o
    0x08004d24   0x00000044   Code   RO         3243    i.delay_init        delay.o
    0x08004d68   0x0000004c   Code   RO         3244    i.delay_ms          delay.o
    0x08004db4   0x0000004c   Code   RO         3245    i.delay_us          delay.o
    0x08004e00   0x0000001a   Code   RO         4132    i.flash_Read        flash.o
    0x08004e1a   0x00000040   Code   RO         4133    i.flash_Write       flash.o
    0x08004e5a   0x00000002   PAD
    0x08004e5c   0x000000fc   Code   RO         3533    i.get_data          usart3.o
    0x08004f58   0x0000009c   Code   RO            1    i.main              main.o
    0x08004ff4   0x00000038   Code   RO         3923    i.read_measurement  sgp30.o
    0x0800502c   0x00000010   Code   RO         3814    i.sensirion_SCL_in  sensirion_sw_i2c.o
    0x0800503c   0x00000010   Code   RO         3815    i.sensirion_SCL_out  sensirion_sw_i2c.o
    0x0800504c   0x00000010   Code   RO         3816    i.sensirion_SDA_in  sensirion_sw_i2c.o
    0x0800505c   0x00000010   Code   RO         3817    i.sensirion_SDA_out  sensirion_sw_i2c.o
    0x0800506c   0x00000010   Code   RO         3818    i.sensirion_SDA_read  sensirion_sw_i2c.o
    0x0800507c   0x0000001e   Code   RO         3788    i.sensirion_common_check_crc  sensirion_common.o
    0x0800509a   0x0000003a   Code   RO         3789    i.sensirion_common_generate_crc  sensirion_common.o
    0x080050d4   0x00000008   Code   RO         3819    i.sensirion_i2c_init  sensirion_sw_i2c.o
    0x080050dc   0x00000048   Code   RO         3820    i.sensirion_i2c_read  sensirion_sw_i2c.o
    0x08005124   0x00000072   Code   RO         3821    i.sensirion_i2c_read_byte  sensirion_sw_i2c.o
    0x08005196   0x0000001c   Code   RO         3822    i.sensirion_i2c_start  sensirion_sw_i2c.o
    0x080051b2   0x00000026   Code   RO         3823    i.sensirion_i2c_stop  sensirion_sw_i2c.o
    0x080051d8   0x0000004a   Code   RO         3824    i.sensirion_i2c_write  sensirion_sw_i2c.o
    0x08005222   0x0000006e   Code   RO         3825    i.sensirion_i2c_write_byte  sensirion_sw_i2c.o
    0x08005290   0x00000034   Code   RO         3826    i.sensirion_init_pins  sensirion_sw_i2c.o
    0x080052c4   0x0000000c   Code   RO         3827    i.sensirion_sleep_usec  sensirion_sw_i2c.o
    0x080052d0   0x00000098   Code   RO         3924    i.sgp_detect_featureset_version  sgp30.o
    0x08005368   0x00000040   Code   RO         3930    i.sgp_get_profile_by_number  sgp30.o
    0x080053a8   0x00000064   Code   RO         3932    i.sgp_i2c_read_words  sgp30.o
    0x0800540c   0x0000002e   Code   RO         3933    i.sgp_i2c_read_words_from_cmd  sgp30.o
    0x0800543a   0x0000001c   Code   RO         3934    i.sgp_i2c_write     sgp30.o
    0x08005456   0x0000000a   Code   RO         3935    i.sgp_iaq_init      sgp30.o
    0x08005460   0x0000002c   Code   RO         3939    i.sgp_measure_iaq_blocking_read  sgp30.o
    0x0800548c   0x000000e0   Code   RO         3945    i.sgp_probe         sgp30.o
    0x0800556c   0x0000003c   Code   RO         3950    i.sgp_run_profile   sgp30.o
    0x080055a8   0x00000028   Code   RO         3951    i.sgp_run_profile_by_number  sgp30.o
    0x080055d0   0x00000070   Code   RO         3448    i.time3_init        interruptdef.o
    0x08005640   0x0000008c   Code   RO         3954    i.unpack_signals    sgp30.o
    0x080056cc   0x00000062   Code   RO         4345    x$fpl$d2f           fz_ws.l(d2f.o)
    0x0800572e   0x00000002   PAD
    0x08005730   0x00000150   Code   RO         4347    x$fpl$dadd          fz_ws.l(daddsub_clz.o)
    0x08005880   0x00000018   Code   RO         4469    x$fpl$dcmpinf       fz_ws.l(dcmpi.o)
    0x08005898   0x000002b0   Code   RO         4354    x$fpl$ddiv          fz_ws.l(ddiv.o)
    0x08005b48   0x0000002e   Code   RO         4358    x$fpl$dflt          fz_ws.l(dflt_clz.o)
    0x08005b76   0x00000026   Code   RO         4357    x$fpl$dfltu         fz_ws.l(dflt_clz.o)
    0x08005b9c   0x00000078   Code   RO         4363    x$fpl$dleqf         fz_ws.l(dleqf.o)
    0x08005c14   0x00000154   Code   RO         4365    x$fpl$dmul          fz_ws.l(dmul.o)
    0x08005d68   0x0000009c   Code   RO         4471    x$fpl$dnaninf       fz_ws.l(dnaninf.o)
    0x08005e04   0x0000000c   Code   RO         4473    x$fpl$dretinf       fz_ws.l(dretinf.o)
    0x08005e10   0x000001d4   Code   RO         4349    x$fpl$dsub          fz_ws.l(daddsub_clz.o)
    0x08005fe4   0x00000056   Code   RO         4367    x$fpl$f2d           fz_ws.l(f2d.o)
    0x0800603a   0x00000018   Code   RO         4475    x$fpl$fcmpinf       fz_ws.l(fcmpi.o)
    0x08006052   0x00000002   PAD
    0x08006054   0x00000068   Code   RO         4369    x$fpl$feqf          fz_ws.l(feqf.o)
    0x080060bc   0x00000026   Code   RO         4371    x$fpl$ffltu         fz_ws.l(fflt_clz.o)
    0x080060e2   0x0000008c   Code   RO         4477    x$fpl$fnaninf       fz_ws.l(fnaninf.o)
    0x0800616e   0x0000000a   Code   RO         4479    x$fpl$fretinf       fz_ws.l(fretinf.o)
    0x08006178   0x00000000   Code   RO         4481    x$fpl$usenofp       fz_ws.l(usenofp.o)
    0x08006178   0x00000200   Data   RO         3408    .constdata          crc8_16.o
    0x08006378   0x00000018   Data   RO         3956    .constdata          sgp30.o
    0x08006390   0x00000228   Data   RO         4118    .constdata          sgp30_featureset.o
    0x080065b8   0x00000020   Data   RO         4615    Region$$Table       anon$$obj.o


    Execution Region RW_IRAM1 (Base: 0x20000400, Size: 0x00000da0, Max: 0x00004c00, ABSOLUTE)

    Base Addr    Size         Type   Attr      Idx    E Section Name        Object

    0x20000400   0x00000014   Data   RW          212    .data               system_stm32f10x.o
    0x20000414   0x00000014   Data   RW         1870    .data               stm32f10x_rcc.o
    0x20000428   0x00000004   Data   RW         3246    .data               delay.o
    0x2000042c   0x00000006   Data   RW         3379    .data               collect.o
    0x20000432   0x00000004   Data   RW         3449    .data               interruptdef.o
    0x20000436   0x00000001   Data   RW         3483    .data               key.o
    0x20000437   0x00000001   PAD
    0x20000438   0x0000000e   Data   RW         3538    .data               usart3.o
    0x20000446   0x00000002   PAD
    0x20000448   0x00000010   Data   RW         3620    .data               usart1.o
    0x20000458   0x00000008   Data   RW         3749    .data               sht21.o
    0x20000460   0x0000004c   Data   RW         4119    .data               sgp30_featureset.o
    0x200004ac   0x0000000d   Data   RW         4166    .data               kqm2801a.o
    0x200004b9   0x00000003   PAD
    0x200004bc   0x00000028   Zero   RW         3296    .bss                deal.o
    0x200004e4   0x00000164   Zero   RW         3537    .bss                usart3.o
    0x20000648   0x000000c8   Zero   RW         3619    .bss                usart1.o
    0x20000710   0x00000030   Zero   RW         3955    .bss                sgp30.o
    0x20000740   0x00000060   Zero   RW         4485    .bss                c_w.l(libspace.o)
    0x200007a0   0x00000200   Zero   RW          243    HEAP                startup_stm32f10x_md.o
    0x200009a0   0x00000800   Zero   RW          242    STACK               startup_stm32f10x_md.o


==============================================================================

Image component sizes


      Code (inc. data)   RO Data    RW Data    ZI Data      Debug   Object Name

       220         34          0          6          0       2469   collect.o
         0          0          0          0          0         32   core_cm3.o
        56         10        512          0          0       1194   crc8_16.o
        48          8          0          0          0        448   data_map.o
      1432         84          0          0         40      20622   deal.o
       220         26          0          4          0       1527   delay.o
        90          0          0          0          0       1459   flash.o
       172         18          0          4          0       1370   interruptdef.o
       180         14          0          1          0       1223   key.o
       520         44          0         13          0       2200   kqm2801a.o
       268          6          0          0          0        583   led.o
        52          6          0          0          0        465   light.o
       156         12          0          0          0     260079   main.o
       192         30          0          0          0       2359   misc.o
       692        104          0          0          0       3886   myiic.o
        88          0          0          0          0       2117   sensirion_common.o
       668         34          0          0          0       8815   sensirion_sw_i2c.o
       964         50         24          0         48      10985   sgp30.o
         0          0        552         76          0       3761   sgp30_featureset.o
       372         32          0          8          0       1971   sht21.o
        64         26        236          0       2560        772   startup_stm32f10x_md.o
       200         18          0          0          0       1900   stm32f10x_exti.o
       286         36          0          0          0       3580   stm32f10x_flash.o
       384          4          0          0          0       4448   stm32f10x_gpio.o
        26          0          0          0          0       3586   stm32f10x_it.o
        68         30          0          0          0       2250   stm32f10x_iwdg.o
       340         44          0         20          0       5260   stm32f10x_rcc.o
       212         42          0          0          0       2636   stm32f10x_tim.o
       638         28          0          0          0       6903   stm32f10x_usart.o
        14          0          0          0          0        840   sys.o
       328         28          0         20          0       2017   system_stm32f10x.o
      1058         92          0         16        200       6553   usart1.o
       548         60          0         14        356       3346   usart3.o
        44          0          0          0          0        916   wdg.o

    ----------------------------------------------------------------------
     10614        920       1356        188       3204     372572   Object Totals
         0          0         32          0          0          0   (incl. Generated)
        14          0          0          6          0          0   (incl. Padding)

    ----------------------------------------------------------------------

      Code (inc. data)   RO Data    RW Data    ZI Data      Debug   Library Member Name

         8          0          0          0          0         68   __main.o
         0          0          0          0          0          0   __rtentry.o
        12          0          0          0          0          0   __rtentry2.o
         6          0          0          0          0          0   __rtentry4.o
        52          8          0          0          0          0   __scatter.o
        26          0          0          0          0          0   __scatter_copy.o
        28          0          0          0          0          0   __scatter_zi.o
        10          0          0          0          0         68   defsig_exit.o
        50          0          0          0          0         88   defsig_general.o
        80         58          0          0          0         76   defsig_rtmem_inner.o
        14          0          0          0          0         80   defsig_rtmem_outer.o
        12          0          0          0          0         72   exit.o
        94          0          0          0          0         80   h1_alloc.o
        52          0          0          0          0         68   h1_extend.o
        78          0          0          0          0         80   h1_free.o
        14          0          0          0          0         84   h1_init.o
         6          0          0          0          0        152   heapauxi.o
         4          0          0          0          0        136   hguard.o
       138          0          0          0          0        168   init_alloc.o
         2          0          0          0          0          0   libinit.o
        10          0          0          0          0          0   libinit2.o
         2          0          0          0          0          0   libshutdown.o
         2          0          0          0          0          0   libshutdown2.o
         8          4          0          0         96         68   libspace.o
         0          0          0          0          0          0   maybetermalloc1.o
         8          4          0          0          0         68   rt_heap_descriptor_intlibspace.o
        78          0          0          0          0         80   rt_memclr_w.o
       138          0          0          0          0         68   rt_memcpy_v6.o
       100          0          0          0          0         80   rt_memcpy_w.o
         2          0          0          0          0          0   rtexit.o
        10          0          0          0          0          0   rtexit2.o
        74          0          0          0          0         80   sys_stackheap_outer.o
         2          0          0          0          0         68   use_no_semi.o
         2          0          0          0          0         68   use_no_semi_2.o
        98          4          0          0          0         92   d2f.o
       804         16          0          0          0        272   daddsub_clz.o
        24          0          0          0          0         68   dcmpi.o
       688        140          0          0          0        208   ddiv.o
        84          0          0          0          0        136   dflt_clz.o
       120          4          0          0          0         92   dleqf.o
       340         12          0          0          0        104   dmul.o
       156          4          0          0          0         92   dnaninf.o
        12          0          0          0          0         68   dretinf.o
        86          4          0          0          0         84   f2d.o
        24          0          0          0          0         68   fcmpi.o
       104          4          0          0          0         84   feqf.o
        38          0          0          0          0         68   fflt_clz.o
       140          4          0          0          0         84   fnaninf.o
        10          0          0          0          0         68   fretinf.o
         0          0          0          0          0          0   usenofp.o

    ----------------------------------------------------------------------
      3862        266          0          0         96       3388   Library Totals
        12          0          0          0          0          0   (incl. Padding)

    ----------------------------------------------------------------------

      Code (inc. data)   RO Data    RW Data    ZI Data      Debug   Library Name

      1122         74          0          0         96       1800   c_w.l
      2728        192          0          0          0       1588   fz_ws.l

    ----------------------------------------------------------------------
      3862        266          0          0         96       3388   Library Totals

    ----------------------------------------------------------------------

==============================================================================


      Code (inc. data)   RO Data    RW Data    ZI Data      Debug   

     14476       1186       1356        188       3300     367324   Grand Totals
     14476       1186       1356        188       3300     367324   ELF Image Totals
     14476       1186       1356        188          0          0   ROM Totals

==============================================================================

    Total RO  Size (Code + RO Data)                15832 (  15.46kB)
    Total RW  Size (RW Data + ZI Data)              3488 (   3.41kB)
    Total ROM Size (Code + RO Data + RW Data)      16020 (  15.64kB)

==============================================================================

